==============================================
SLURM Job ID: 45004306
Running on: midway3-0385.rcc.local
Started at: Tue Feb  3 14:20:32 CST 2026
==============================================
10.50.251.129

Configuration:
  MODEL_PATH: /project/jevans/maxzhuyt/models/gemma-2-9b-it
  MODEL_NAME: Gemma-2-9B-Instruct
  POLITICIAN_CSV: data/politicians.csv
  PCA_DIMS: 5 10 15 30
  SKIP_BOOTSTRAP: 0

Command: python run_gss_pca.py     --model-path /project/jevans/maxzhuyt/models/gemma-2-9b-it     --model-name Gemma-2-9B-Instruct     --politician-csv data/politicians.csv     --pca-dims 5 10 15 30     --public-topics gss_question_lists/public_issues.csv     --public-polarization public_issues_polarization.csv     --private-topics gss_question_lists/private_life.csv     --private-polarization private_life_polarization.csv     --output-dir llm_results     --batch-size 128     --bootstrap-public 126     --bootstrap-private 70

======================================================================
GSS POLARIZATION ANALYSIS - PCA
======================================================================

[Configuration]
  Model: Gemma-2-9B-Instruct
  Model path: /project/jevans/maxzhuyt/models/gemma-2-9b-it
  Politician CSV: data/politicians.csv
  PCA dimensions: [5, 10, 15, 30]
  Output directory: /project/jevans/maxzhuyt/claude_polarization/anes-polarization/llm_results
  Timestamp: 20260203_142038

======================================================================
LOADING DATA
======================================================================

[PUBLIC_ISSUES]
  Topics loaded: 172
  Polarization data (filtered): 134 variables
  Final topics: 134

[PRIVATE_LIFE]
  Topics loaded: 98
  Polarization data (filtered): 87 variables
  Final topics: 75

======================================================================
LOADING MODEL
======================================================================
  CUDA available: True
  Loading: /project/jevans/maxzhuyt/models/gemma-2-9b-it
Loading model from: /project/jevans/maxzhuyt/models/gemma-2-9b-it...
  Layers: 42, Heads: 16

======================================================================
ANALYZING: PUBLIC_ISSUES
======================================================================
  Topics: 134
  Template: 'default'
  PCA dims: [5, 10, 15, 30]

  > Extracting with Batch Size 128...
    ERROR on abdefect: System role not supported
  > Extracting with Batch Size 128...
    ERROR on abhlth: System role not supported
  > Extracting with Batch Size 128...
    ERROR on abnomore: System role not supported
  > Extracting with Batch Size 128...
    ERROR on abpoor: System role not supported
  > Extracting with Batch Size 128...
    ERROR on abrape: System role not supported
  > Extracting with Batch Size 128...
    ERROR on absingle: System role not supported
  > Extracting with Batch Size 128...
    ERROR on abhelp1: System role not supported
  > Extracting with Batch Size 128...
    ERROR on abhelp2: System role not supported
  > Extracting with Batch Size 128...
    ERROR on abhelp3: System role not supported
  > Extracting with Batch Size 128...
    ERROR on abhelp4: System role not supported
  > Extracting with Batch Size 128...
    ERROR on advfront: System role not supported
  > Extracting with Batch Size 128...
    ERROR on balpos: System role not supported
  > Extracting with Batch Size 128...
    ERROR on scientbe: System role not supported
  > Extracting with Batch Size 128...
    ERROR on scientgo: System role not supported
  > Extracting with Batch Size 128...
    ERROR on scienthe: System role not supported
  > Extracting with Batch Size 128...
    ERROR on affrmact: System role not supported
  > Extracting with Batch Size 128...
    ERROR on discaff: System role not supported
  > Extracting with Batch Size 128...
    ERROR on discaffm: System role not supported
  > Extracting with Batch Size 128...
    ERROR on discaffw: System role not supported
  > Extracting with Batch Size 128...
    ERROR on fehire: System role not supported
  > Extracting with Batch Size 128...
    ERROR on fejobaff: System role not supported
  > Extracting with Batch Size 128...
    ERROR on wrkwayup: System role not supported
  > Extracting with Batch Size 128...
    ERROR on carsgen: System role not supported
  > Extracting with Batch Size 128...
    ERROR on grncon: System role not supported
  > Extracting with Batch Size 128...
    ERROR on grnecon: System role not supported
  > Extracting with Batch Size 128...
    ERROR on grneffme: System role not supported
  > Extracting with Batch Size 128...
    ERROR on grnexagg: System role not supported
  > Extracting with Batch Size 128...
    ERROR on grnprice: System role not supported
  > Extracting with Batch Size 128...
    ERROR on grnprog: System role not supported
  > Extracting with Batch Size 128...
    ERROR on grnsol: System role not supported
  > Extracting with Batch Size 128...
    ERROR on grntaxes: System role not supported
  > Extracting with Batch Size 128...
    ERROR on grwtharm: System role not supported
  > Extracting with Batch Size 128...
    ERROR on grwthelp: System role not supported
  > Extracting with Batch Size 128...
    ERROR on harmsgrn: System role not supported
  > Extracting with Batch Size 128...
    ERROR on helpharm: System role not supported
  > Extracting with Batch Size 128...
    ERROR on ihlpgrn: System role not supported
  > Extracting with Batch Size 128...
    ERROR on impgrn: System role not supported
  > Extracting with Batch Size 128...
    ERROR on nobuygrn: System role not supported
  > Extracting with Batch Size 128...
    ERROR on othssame: System role not supported
  > Extracting with Batch Size 128...
    ERROR on scigrn: System role not supported
  > Extracting with Batch Size 128...
    ERROR on tempgen1: System role not supported
  > Extracting with Batch Size 128...
    ERROR on toodifme: System role not supported
  > Extracting with Batch Size 128...
    ERROR on cappun: System role not supported
  > Extracting with Batch Size 128...
    ERROR on courts: System role not supported
  > Extracting with Batch Size 128...
    ERROR on polabuse: System role not supported
  > Extracting with Batch Size 128...
    ERROR on polattak: System role not supported
  > Extracting with Batch Size 128...
    ERROR on polescap: System role not supported
  > Extracting with Batch Size 128...
    ERROR on polhitok: System role not supported
  > Extracting with Batch Size 128...
    ERROR on polmurdr: System role not supported
  > Extracting with Batch Size 128...
    ERROR on colath: System role not supported
  > Extracting with Batch Size 128...
    ERROR on colcom: System role not supported
  > Extracting with Batch Size 128...
    ERROR on colhomo: System role not supported
  > Extracting with Batch Size 128...
    ERROR on colmil: System role not supported
  > Extracting with Batch Size 128...
    ERROR on colmslm: System role not supported
  > Extracting with Batch Size 128...
    ERROR on colrac: System role not supported
  > Extracting with Batch Size 128...
    ERROR on conbus: System role not supported
  > Extracting with Batch Size 128...
    ERROR on conclerg: System role not supported
  > Extracting with Batch Size 128...
    ERROR on coneduc: System role not supported
  > Extracting with Batch Size 128...
    ERROR on confed: System role not supported
  > Extracting with Batch Size 128...
    ERROR on confinan: System role not supported
  > Extracting with Batch Size 128...
    ERROR on conjudge: System role not supported
  > Extracting with Batch Size 128...
    ERROR on conlegis: System role not supported
  > Extracting with Batch Size 128...
    ERROR on dangroth: System role not supported
  > Extracting with Batch Size 128...
    ERROR on dangrslf: System role not supported
  > Extracting with Batch Size 128...
    ERROR on mustdoc: System role not supported
  > Extracting with Batch Size 128...
    ERROR on musthosp: System role not supported
  > Extracting with Batch Size 128...
    ERROR on mustmed: System role not supported
  > Extracting with Batch Size 128...
    ERROR on viggrp: System role not supported
  > Extracting with Batch Size 128...
    ERROR on divlaw: System role not supported
  > Extracting with Batch Size 128...
    ERROR on eqwlth: System role not supported
  > Extracting with Batch Size 128...
    ERROR on goveqinc: System role not supported
  > Extracting with Batch Size 128...
    ERROR on goveqinc1: System role not supported
  > Extracting with Batch Size 128...
    ERROR on govineq1: System role not supported
  > Extracting with Batch Size 128...
    ERROR on govineq2: System role not supported
  > Extracting with Batch Size 128...
    ERROR on govchrst: System role not supported
  > Extracting with Batch Size 128...
    ERROR on govfnaid: System role not supported
  > Extracting with Batch Size 128...
    ERROR on govfnanc: System role not supported
  > Extracting with Batch Size 128...
    ERROR on govunemp: System role not supported
  > Extracting with Batch Size 128...
    ERROR on helpblk: System role not supported
  > Extracting with Batch Size 128...
    ERROR on helpnot: System role not supported
  > Extracting with Batch Size 128...
    ERROR on helppoor: System role not supported
  > Extracting with Batch Size 128...
    ERROR on helpsick: System role not supported
  > Extracting with Batch Size 128...
    ERROR on hlthgov: System role not supported
  > Extracting with Batch Size 128...
    ERROR on grass: System role not supported
  > Extracting with Batch Size 128...
    ERROR on gunlaw: System role not supported
  > Extracting with Batch Size 128...
    ERROR on hubbywk1: System role not supported
  > Extracting with Batch Size 128...
    ERROR on inteduc: System role not supported
  > Extracting with Batch Size 128...
    ERROR on ldctax: System role not supported
  > Extracting with Batch Size 128...
    ERROR on letdie1: System role not supported
  > Extracting with Batch Size 128...
    ERROR on libath: System role not supported
  > Extracting with Batch Size 128...
    ERROR on libcom: System role not supported
  > Extracting with Batch Size 128...
    ERROR on libhomo: System role not supported
  > Extracting with Batch Size 128...
    ERROR on libmil: System role not supported
  > Extracting with Batch Size 128...
    ERROR on libmslm: System role not supported
  > Extracting with Batch Size 128...
    ERROR on librac: System role not supported
  > Extracting with Batch Size 128...
    ERROR on nataid: System role not supported
  > Extracting with Batch Size 128...
    ERROR on natarms: System role not supported
  > Extracting with Batch Size 128...
    ERROR on natchld: System role not supported
  > Extracting with Batch Size 128...
    ERROR on natcrime: System role not supported
  > Extracting with Batch Size 128...
    ERROR on natdrug: System role not supported
  > Extracting with Batch Size 128...
    ERROR on nateduc: System role not supported
  > Extracting with Batch Size 128...
    ERROR on natenvir: System role not supported
  > Extracting with Batch Size 128...
    ERROR on natfare: System role not supported
  > Extracting with Batch Size 128...
    ERROR on natheal: System role not supported
  > Extracting with Batch Size 128...
    ERROR on natmass: System role not supported
  > Extracting with Batch Size 128...
    ERROR on natpark: System role not supported
  > Extracting with Batch Size 128...
    ERROR on natrace: System role not supported
  > Extracting with Batch Size 128...
    ERROR on natroad: System role not supported
  > Extracting with Batch Size 128...
    ERROR on natsci: System role not supported
  > Extracting with Batch Size 128...
    ERROR on natsoc: System role not supported
  > Extracting with Batch Size 128...
    ERROR on natspac: System role not supported
  > Extracting with Batch Size 128...
    ERROR on nextgen: System role not supported
  > Extracting with Batch Size 128...
    ERROR on oprace: System role not supported
  > Extracting with Batch Size 128...
    ERROR on opsex: System role not supported
  > Extracting with Batch Size 128...
    ERROR on polviews: System role not supported
  > Extracting with Batch Size 128...
    ERROR on pillok: System role not supported
  > Extracting with Batch Size 128...
    ERROR on sexeduc: System role not supported
  > Extracting with Batch Size 128...
    ERROR on prayer: System role not supported
  > Extracting with Batch Size 128...
    ERROR on religinf: System role not supported
  > Extracting with Batch Size 128...
    ERROR on racdif1: System role not supported
  > Extracting with Batch Size 128...
    ERROR on racdif2: System role not supported
  > Extracting with Batch Size 128...
    ERROR on racdif3: System role not supported
  > Extracting with Batch Size 128...
    ERROR on racdif4: System role not supported
  > Extracting with Batch Size 128...
    ERROR on racopen: System role not supported
  > Extracting with Batch Size 128...
    ERROR on intlwhts: System role not supported
  > Extracting with Batch Size 128...
    ERROR on wlthwhts: System role not supported
  > Extracting with Batch Size 128...
    ERROR on workwhts: System role not supported
  > Extracting with Batch Size 128...
    ERROR on spkath: System role not supported
  > Extracting with Batch Size 128...
    ERROR on spkcom: System role not supported
  > Extracting with Batch Size 128...
    ERROR on spkhomo: System role not supported
  > Extracting with Batch Size 128...
    ERROR on spkmil: System role not supported
  > Extracting with Batch Size 128...
    ERROR on spkmslm: System role not supported
  > Extracting with Batch Size 128...
    ERROR on spkrac: System role not supported
  > Extracting with Batch Size 128...
    ERROR on tax: System role not supported
  Saved: llm_results/df_gss_pca_public_issues_Gemma-2-9B-Instruct_20260203_142038.pkl

======================================================================
ANALYZING: PRIVATE_LIFE
======================================================================
  Topics: 75
  Template: 'opinion'
  PCA dims: [5, 10, 15, 30]

  > Extracting with Batch Size 128...
    ERROR on acqntsex: System role not supported
  > Extracting with Batch Size 128...
    ERROR on evpaidsx: System role not supported
  > Extracting with Batch Size 128...
    ERROR on evstray: System role not supported
  > Extracting with Batch Size 128...
    ERROR on frndsex: System role not supported
  > Extracting with Batch Size 128...
    ERROR on matesex: System role not supported
  > Extracting with Batch Size 128...
    ERROR on nummen: System role not supported
  > Extracting with Batch Size 128...
    ERROR on numwomen: System role not supported
  > Extracting with Batch Size 128...
    ERROR on paidsex: System role not supported
  > Extracting with Batch Size 128...
    ERROR on partners: System role not supported
  > Extracting with Batch Size 128...
    ERROR on partnrs5: System role not supported
  > Extracting with Batch Size 128...
    ERROR on pikupsex: System role not supported
  > Extracting with Batch Size 128...
    ERROR on sexfreq: System role not supported
  > Extracting with Batch Size 128...
    ERROR on attend: System role not supported
  > Extracting with Batch Size 128...
    ERROR on bible: System role not supported
  > Extracting with Batch Size 128...
    ERROR on god: System role not supported
  > Extracting with Batch Size 128...
    ERROR on popespks: System role not supported
  > Extracting with Batch Size 128...
    ERROR on postlife: System role not supported
  > Extracting with Batch Size 128...
    ERROR on pray: System role not supported
  > Extracting with Batch Size 128...
    ERROR on reborn: System role not supported
  > Extracting with Batch Size 128...
    ERROR on relexp: System role not supported
  > Extracting with Batch Size 128...
    ERROR on relidesc: System role not supported
  > Extracting with Batch Size 128...
    ERROR on relidimp: System role not supported
  > Extracting with Batch Size 128...
    ERROR on relidins: System role not supported
  > Extracting with Batch Size 128...
    ERROR on relidwe: System role not supported
  > Extracting with Batch Size 128...
    ERROR on religimp: System role not supported
  > Extracting with Batch Size 128...
    ERROR on relpersn: System role not supported
  > Extracting with Batch Size 128...
    ERROR on savesoul: System role not supported
  > Extracting with Batch Size 128...
    ERROR on sprtprsn: System role not supported
  > Extracting with Batch Size 128...
    ERROR on evcrack: System role not supported
  > Extracting with Batch Size 128...
    ERROR on emailhr: System role not supported
  > Extracting with Batch Size 128...
    ERROR on emailmin: System role not supported
  > Extracting with Batch Size 128...
    ERROR on wwwhr: System role not supported
  > Extracting with Batch Size 128...
    ERROR on wwwmin: System role not supported
  > Extracting with Batch Size 128...
    ERROR on condom: System role not supported
  > Extracting with Batch Size 128...
    ERROR on fammhneg: System role not supported
  > Extracting with Batch Size 128...
    ERROR on othmhneg: System role not supported
  > Extracting with Batch Size 128...
    ERROR on fear: System role not supported
  > Extracting with Batch Size 128...
    ERROR on opclout: System role not supported
  > Extracting with Batch Size 128...
    ERROR on opeduc: System role not supported
  > Extracting with Batch Size 128...
    ERROR on ophrdwrk: System role not supported
  > Extracting with Batch Size 128...
    ERROR on opknow: System role not supported
  > Extracting with Batch Size 128...
    ERROR on oppared: System role not supported
  > Extracting with Batch Size 128...
    ERROR on oprelig: System role not supported
  > Extracting with Batch Size 128...
    ERROR on opwlth: System role not supported
  > Extracting with Batch Size 128...
    ERROR on goodlife: System role not supported
  > Extracting with Batch Size 128...
    ERROR on kidssol: System role not supported
  > Extracting with Batch Size 128...
    ERROR on parsol: System role not supported
  > Extracting with Batch Size 128...
    ERROR on life: System role not supported
  > Extracting with Batch Size 128...
    ERROR on helpful: System role not supported
  > Extracting with Batch Size 128...
    ERROR on hrsrelax: System role not supported
  > Extracting with Batch Size 128...
    ERROR on hunt: System role not supported
  > Extracting with Batch Size 128...
    ERROR on socbar: System role not supported
  > Extracting with Batch Size 128...
    ERROR on socfrend: System role not supported
  > Extracting with Batch Size 128...
    ERROR on socommun: System role not supported
  > Extracting with Batch Size 128...
    ERROR on socrel: System role not supported
  > Extracting with Batch Size 128...
    ERROR on xmovie: System role not supported
  > Extracting with Batch Size 128...
    ERROR on homosex: System role not supported
  > Extracting with Batch Size 128...
    ERROR on premarsx: System role not supported
  > Extracting with Batch Size 128...
    ERROR on teensex: System role not supported
  > Extracting with Batch Size 128...
    ERROR on xmarsex: System role not supported
  > Extracting with Batch Size 128...
    ERROR on eldfnce: System role not supported
  > Extracting with Batch Size 128...
    ERROR on marasian: System role not supported
  > Extracting with Batch Size 128...
    ERROR on marmakid: System role not supported
  > Extracting with Batch Size 128...
    ERROR on marpakid: System role not supported
  > Extracting with Batch Size 128...
    ERROR on marwht: System role not supported
  > Extracting with Batch Size 128...
    ERROR on meovrwrk: System role not supported
  > Extracting with Batch Size 128...
    ERROR on recycle: System role not supported
  > Extracting with Batch Size 128...
    ERROR on raclive: System role not supported
  > Extracting with Batch Size 128...
    ERROR on rfamlook: System role not supported
  > Extracting with Batch Size 128...
    ERROR on spfalook: System role not supported
  > Extracting with Batch Size 128...
    ERROR on richwork: System role not supported
  > Extracting with Batch Size 128...
    ERROR on spanking: System role not supported
  > Extracting with Batch Size 128...
    ERROR on toofast: System role not supported
  > Extracting with Batch Size 128...
    ERROR on intsci: System role not supported
  > Extracting with Batch Size 128...
    ERROR on inttech: System role not supported
  Saved: llm_results/df_gss_pca_private_life_Gemma-2-9B-Instruct_20260203_142038.pkl

======================================================================
CORRELATION ANALYSIS
======================================================================

==============================================
Finished at: Tue Feb  3 14:21:20 CST 2026
==============================================
