==============================================
SLURM Job ID: 45014651
Running on: midway3-0315.rcc.local
Started at: Tue Feb  3 16:51:50 CST 2026
==============================================
10.50.251.59

Configuration:
  MODEL_PATH: /project/jevans/maxzhuyt/models/gemma-2-9b-it
  MODEL_NAME: gemma-2-9b-it
  POLITICIAN_CSV: data/politicians.csv
  PCA_DIMS: 5 10 15 30
  SKIP_BOOTSTRAP: 0

Command: python run_gss_pca.py     --model-path /project/jevans/maxzhuyt/models/gemma-2-9b-it     --model-name gemma-2-9b-it     --politician-csv data/politicians.csv     --pca-dims 5 10 15 30     --public-topics gss_question_lists/public_issues.csv     --public-polarization public_issues_polarization.csv     --private-topics gss_question_lists/private_life.csv     --private-polarization private_life_polarization.csv     --output-dir llm_results     --batch-size 128     --bootstrap-public 126     --bootstrap-private 70

======================================================================
GSS POLARIZATION ANALYSIS - PCA
======================================================================

[Configuration]
  Model: gemma-2-9b-it
  Model path: /project/jevans/maxzhuyt/models/gemma-2-9b-it
  Politician CSV: data/politicians.csv
  PCA dimensions: [5, 10, 15, 30]
  Output directory: /project/jevans/maxzhuyt/claude_polarization/anes-polarization/llm_results
  Timestamp: 20260203_165220

======================================================================
LOADING DATA
======================================================================

[PUBLIC_ISSUES]
  Topics loaded: 172
  Polarization data (filtered): 134 variables
  Final topics: 134

[PRIVATE_LIFE]
  Topics loaded: 98
  Polarization data (filtered): 87 variables
  Final topics: 75

======================================================================
LOADING MODEL
======================================================================
  CUDA available: True
  Loading: /project/jevans/maxzhuyt/models/gemma-2-9b-it
Loading model from: /project/jevans/maxzhuyt/models/gemma-2-9b-it...
  Layers: 42, Heads: 16

======================================================================
ANALYZING: PUBLIC_ISSUES
======================================================================
  Topics: 134
  Template: 'default'
  PCA dims: [5, 10, 15, 30]

  > Extracting with Batch Size 128...
    abdefect: mean=3.123, median=3.199 (20.5s)
  > Extracting with Batch Size 128...
    abhlth: mean=3.328, median=3.405 (16.5s)
  > Extracting with Batch Size 128...
    abnomore: mean=3.208, median=3.290 (16.5s)
  > Extracting with Batch Size 128...
    abpoor: mean=3.336, median=3.410 (16.8s)
  > Extracting with Batch Size 128...
    abrape: mean=3.227, median=3.323 (17.1s)
  > Extracting with Batch Size 128...
    absingle: mean=3.235, median=3.320 (16.1s)
  > Extracting with Batch Size 128...
    abhelp1: mean=3.049, median=3.085 (16.8s)
  > Extracting with Batch Size 128...
    abhelp2: mean=3.145, median=3.206 (23.0s)
  > Extracting with Batch Size 128...
    abhelp3: mean=3.072, median=3.115 (21.9s)
  > Extracting with Batch Size 128...
    abhelp4: mean=3.143, median=3.205 (20.7s)
  > Extracting with Batch Size 128...
    advfront: mean=2.514, median=2.493 (19.0s)
  > Extracting with Batch Size 128...
    balpos: mean=2.583, median=2.561 (20.4s)
  > Extracting with Batch Size 128...
    scientbe: mean=2.633, median=2.623 (18.9s)
  > Extracting with Batch Size 128...
    scientgo: mean=2.620, median=2.618 (18.1s)
  > Extracting with Batch Size 128...
    scienthe: mean=2.513, median=2.491 (18.7s)
  > Extracting with Batch Size 128...
    affrmact: mean=2.843, median=2.868 (20.8s)
  > Extracting with Batch Size 128...
    discaff: mean=2.609, median=2.620 (20.4s)
  > Extracting with Batch Size 128...
    discaffm: mean=2.638, median=2.657 (22.0s)
  > Extracting with Batch Size 128...
    discaffw: mean=2.668, median=2.701 (20.9s)
  > Extracting with Batch Size 128...
    fehire: mean=2.866, median=2.890 (19.2s)
    [Memory cleanup at 20/134]
  > Extracting with Batch Size 128...
    fejobaff: mean=2.779, median=2.796 (20.5s)
  > Extracting with Batch Size 128...
    wrkwayup: mean=2.823, median=2.851 (20.2s)
  > Extracting with Batch Size 128...
    carsgen: mean=2.835, median=2.871 (20.0s)
  > Extracting with Batch Size 128...
    grncon: mean=2.975, median=3.027 (18.5s)
  > Extracting with Batch Size 128...
    grnecon: mean=2.934, median=2.965 (20.5s)
  > Extracting with Batch Size 128...
    grneffme: mean=3.002, median=3.038 (18.1s)
  > Extracting with Batch Size 128...
    grnexagg: mean=2.965, median=3.013 (19.8s)
  > Extracting with Batch Size 128...
    grnprice: mean=2.874, median=2.913 (19.3s)
  > Extracting with Batch Size 128...
    grnprog: mean=2.752, median=2.749 (20.5s)
  > Extracting with Batch Size 128...
    grnsol: mean=2.875, median=2.893 (20.5s)
  > Extracting with Batch Size 128...
    grntaxes: mean=3.015, median=3.053 (20.6s)
  > Extracting with Batch Size 128...
    grwtharm: mean=2.752, median=2.737 (19.5s)
  > Extracting with Batch Size 128...
    grwthelp: mean=2.966, median=2.973 (19.9s)
  > Extracting with Batch Size 128...
    harmsgrn: mean=2.754, median=2.770 (20.5s)
  > Extracting with Batch Size 128...
    helpharm: mean=2.557, median=2.538 (20.6s)
  > Extracting with Batch Size 128...
    ihlpgrn: mean=2.771, median=2.795 (20.8s)
  > Extracting with Batch Size 128...
    impgrn: mean=3.028, median=3.076 (20.6s)
  > Extracting with Batch Size 128...
    nobuygrn: mean=2.677, median=2.683 (19.7s)
  > Extracting with Batch Size 128...
    othssame: mean=2.870, median=2.904 (20.3s)
  > Extracting with Batch Size 128...
    scigrn: mean=2.598, median=2.587 (21.2s)
    [Memory cleanup at 40/134]
  > Extracting with Batch Size 128...
    tempgen1: mean=3.223, median=3.337 (19.2s)
  > Extracting with Batch Size 128...
    toodifme: mean=2.930, median=2.962 (20.7s)
  > Extracting with Batch Size 128...
    cappun: mean=2.704, median=2.706 (20.6s)
  > Extracting with Batch Size 128...
    courts: mean=2.581, median=2.571 (20.1s)
  > Extracting with Batch Size 128...
    polabuse: mean=2.477, median=2.456 (20.8s)
  > Extracting with Batch Size 128...
    polattak: mean=2.457, median=2.436 (21.3s)
  > Extracting with Batch Size 128...
    polescap: mean=2.445, median=2.421 (20.8s)
  > Extracting with Batch Size 128...
    polhitok: mean=2.439, median=2.412 (21.4s)
  > Extracting with Batch Size 128...
    polmurdr: mean=2.454, median=2.445 (19.6s)
  > Extracting with Batch Size 128...
    colath: mean=2.684, median=2.691 (20.3s)
  > Extracting with Batch Size 128...
    colcom: mean=2.897, median=2.921 (21.2s)
  > Extracting with Batch Size 128...
    colhomo: mean=2.938, median=3.006 (19.6s)
  > Extracting with Batch Size 128...
    colmil: mean=2.579, median=2.572 (20.1s)
  > Extracting with Batch Size 128...
    colmslm: mean=2.528, median=2.539 (20.2s)
  > Extracting with Batch Size 128...
    colrac: mean=2.714, median=2.726 (20.3s)
  > Extracting with Batch Size 128...
    conbus: mean=2.454, median=2.427 (19.7s)
  > Extracting with Batch Size 128...
    conclerg: mean=2.598, median=2.578 (20.1s)
  > Extracting with Batch Size 128...
    coneduc: mean=2.576, median=2.547 (20.0s)
  > Extracting with Batch Size 128...
    confed: mean=2.411, median=2.378 (20.4s)
  > Extracting with Batch Size 128...
    confinan: mean=2.430, median=2.388 (21.4s)
    [Memory cleanup at 60/134]
  > Extracting with Batch Size 128...
    conjudge: mean=2.605, median=2.599 (20.0s)
  > Extracting with Batch Size 128...
    conlegis: mean=2.374, median=2.345 (20.7s)
  > Extracting with Batch Size 128...
    dangroth: mean=2.557, median=2.552 (20.3s)
  > Extracting with Batch Size 128...
    dangrslf: mean=2.545, median=2.540 (20.6s)
  > Extracting with Batch Size 128...
    mustdoc: mean=2.549, median=2.535 (20.7s)
  > Extracting with Batch Size 128...
    musthosp: mean=2.551, median=2.539 (20.5s)
  > Extracting with Batch Size 128...
    mustmed: mean=2.551, median=2.537 (20.5s)
  > Extracting with Batch Size 128...
    viggrp: mean=2.637, median=2.626 (20.7s)
  > Extracting with Batch Size 128...
    divlaw: mean=2.650, median=2.650 (19.9s)
  > Extracting with Batch Size 128...
    eqwlth: mean=3.153, median=3.198 (19.1s)
  > Extracting with Batch Size 128...
    goveqinc: mean=3.072, median=3.084 (20.0s)
  > Extracting with Batch Size 128...
    goveqinc1: mean=2.987, median=2.990 (19.6s)
  > Extracting with Batch Size 128...
    govineq1: mean=2.667, median=2.659 (19.9s)
  > Extracting with Batch Size 128...
    govineq2: mean=2.819, median=2.811 (20.9s)
  > Extracting with Batch Size 128...
    govchrst: mean=2.931, median=2.947 (21.1s)
  > Extracting with Batch Size 128...
    govfnaid: mean=2.896, median=2.918 (20.9s)
  > Extracting with Batch Size 128...
    govfnanc: mean=2.936, median=2.945 (19.9s)
  > Extracting with Batch Size 128...
    govunemp: mean=2.909, median=2.914 (19.8s)
  > Extracting with Batch Size 128...
    helpblk: mean=2.957, median=3.001 (21.7s)
  > Extracting with Batch Size 128...
    helpnot: mean=2.739, median=2.746 (21.6s)
    [Memory cleanup at 80/134]
  > Extracting with Batch Size 128...
    helppoor: mean=3.076, median=3.105 (22.4s)
  > Extracting with Batch Size 128...
    helpsick: mean=3.094, median=3.114 (19.9s)
  > Extracting with Batch Size 128...
    hlthgov: mean=3.085, median=3.101 (20.4s)
  > Extracting with Batch Size 128...
    grass: mean=2.732, median=2.735 (20.4s)
  > Extracting with Batch Size 128...
    gunlaw: mean=2.874, median=2.895 (20.4s)
  > Extracting with Batch Size 128...
    hubbywk1: mean=2.990, median=3.070 (21.8s)
  > Extracting with Batch Size 128...
    inteduc: mean=2.471, median=2.428 (20.4s)
  > Extracting with Batch Size 128...
    ldctax: mean=2.823, median=2.845 (20.4s)
  > Extracting with Batch Size 128...
    letdie1: mean=2.747, median=2.758 (20.0s)
  > Extracting with Batch Size 128...
    libath: mean=2.632, median=2.646 (20.3s)
  > Extracting with Batch Size 128...
    libcom: mean=2.598, median=2.593 (20.8s)
  > Extracting with Batch Size 128...
    libhomo: mean=2.871, median=2.937 (20.0s)
  > Extracting with Batch Size 128...
    libmil: mean=2.507, median=2.493 (20.5s)
  > Extracting with Batch Size 128...
    libmslm: mean=2.589, median=2.614 (20.3s)
  > Extracting with Batch Size 128...
    librac: mean=2.700, median=2.720 (19.8s)
  > Extracting with Batch Size 128...
    nataid: mean=2.671, median=2.668 (21.2s)
  > Extracting with Batch Size 128...
    natarms: mean=2.681, median=2.696 (21.2s)
  > Extracting with Batch Size 128...
    natchld: mean=2.950, median=2.963 (19.3s)
  > Extracting with Batch Size 128...
    natcrime: mean=2.699, median=2.678 (20.5s)
  > Extracting with Batch Size 128...
    natdrug: mean=2.631, median=2.610 (20.2s)
    [Memory cleanup at 100/134]
  > Extracting with Batch Size 128...
    nateduc: mean=2.795, median=2.807 (20.4s)
  > Extracting with Batch Size 128...
    natenvir: mean=2.962, median=2.990 (19.8s)
  > Extracting with Batch Size 128...
    natfare: mean=2.960, median=2.964 (21.8s)
  > Extracting with Batch Size 128...
    natheal: mean=2.781, median=2.791 (19.6s)
  > Extracting with Batch Size 128...
    natmass: mean=2.874, median=2.878 (19.8s)
  > Extracting with Batch Size 128...
    natpark: mean=2.666, median=2.647 (20.3s)
  > Extracting with Batch Size 128...
    natrace: mean=2.935, median=2.980 (21.4s)
  > Extracting with Batch Size 128...
    natroad: mean=2.562, median=2.528 (19.9s)
  > Extracting with Batch Size 128...
    natsci: mean=2.651, median=2.635 (20.4s)
  > Extracting with Batch Size 128...
    natsoc: mean=2.884, median=2.879 (20.9s)
  > Extracting with Batch Size 128...
    natspac: mean=2.561, median=2.536 (19.6s)
  > Extracting with Batch Size 128...
    nextgen: mean=2.451, median=2.413 (21.2s)
  > Extracting with Batch Size 128...
    oprace: mean=2.682, median=2.757 (20.2s)
  > Extracting with Batch Size 128...
    opsex: mean=2.751, median=2.787 (20.0s)
  > Extracting with Batch Size 128...
    polviews: mean=2.806, median=2.808 (20.1s)
  > Extracting with Batch Size 128...
    pillok: mean=2.935, median=2.982 (20.1s)
  > Extracting with Batch Size 128...
    sexeduc: mean=2.879, median=2.910 (20.0s)
  > Extracting with Batch Size 128...
    prayer: mean=2.761, median=2.774 (21.6s)
  > Extracting with Batch Size 128...
    religinf: mean=2.823, median=2.858 (20.0s)
  > Extracting with Batch Size 128...
    racdif1: mean=2.760, median=2.773 (19.4s)
    [Memory cleanup at 120/134]
  > Extracting with Batch Size 128...
    racdif2: mean=2.691, median=2.715 (20.1s)
  > Extracting with Batch Size 128...
    racdif3: mean=2.662, median=2.689 (21.3s)
  > Extracting with Batch Size 128...
    racdif4: mean=2.853, median=2.900 (21.0s)
  > Extracting with Batch Size 128...
    racopen: mean=2.810, median=2.853 (21.9s)
  > Extracting with Batch Size 128...
    intlwhts: mean=2.652, median=2.697 (20.2s)
  > Extracting with Batch Size 128...
    wlthwhts: mean=2.875, median=2.918 (20.1s)
  > Extracting with Batch Size 128...
    workwhts: mean=2.851, median=2.890 (20.2s)
  > Extracting with Batch Size 128...
    spkath: mean=2.528, median=2.526 (20.1s)
  > Extracting with Batch Size 128...
    spkcom: mean=2.618, median=2.628 (21.2s)
  > Extracting with Batch Size 128...
    spkhomo: mean=2.968, median=3.049 (20.3s)
  > Extracting with Batch Size 128...
    spkmil: mean=2.490, median=2.487 (19.9s)
  > Extracting with Batch Size 128...
    spkmslm: mean=2.493, median=2.505 (22.8s)
  > Extracting with Batch Size 128...
    spkrac: mean=2.756, median=2.803 (21.4s)
  > Extracting with Batch Size 128...
    tax: mean=2.865, median=2.861 (21.4s)
  Saved: llm_results/df_gss_pca_public_issues_gemma-2-9b-it_20260203_165220.pkl

======================================================================
ANALYZING: PRIVATE_LIFE
======================================================================
  Topics: 75
  Template: 'opinion'
  PCA dims: [5, 10, 15, 30]

  > Extracting with Batch Size 128...
    acqntsex: mean=2.208, median=2.179 (20.8s)
  > Extracting with Batch Size 128...
    evpaidsx: mean=2.286, median=2.269 (20.9s)
  > Extracting with Batch Size 128...
    evstray: mean=2.375, median=2.360 (20.1s)
  > Extracting with Batch Size 128...
    frndsex: mean=2.246, median=2.224 (21.7s)
  > Extracting with Batch Size 128...
    matesex: mean=2.267, median=2.273 (20.2s)
  > Extracting with Batch Size 128...
    nummen: mean=2.342, median=2.344 (20.6s)
  > Extracting with Batch Size 128...
    numwomen: mean=2.288, median=2.304 (21.0s)
  > Extracting with Batch Size 128...
    paidsex: mean=2.356, median=2.345 (22.8s)
  > Extracting with Batch Size 128...
    partners: mean=2.345, median=2.346 (21.1s)
  > Extracting with Batch Size 128...
    partnrs5: mean=2.345, median=2.346 (20.1s)
  > Extracting with Batch Size 128...
    pikupsex: mean=2.235, median=2.217 (20.5s)
  > Extracting with Batch Size 128...
    sexfreq: mean=2.353, median=2.341 (21.2s)
  > Extracting with Batch Size 128...
    attend: mean=2.526, median=2.513 (19.6s)
  > Extracting with Batch Size 128...
    bible: mean=2.663, median=2.682 (19.3s)
  > Extracting with Batch Size 128...
    god: mean=2.626, median=2.622 (19.3s)
  > Extracting with Batch Size 128...
    popespks: mean=2.528, median=2.519 (20.4s)
  > Extracting with Batch Size 128...
    postlife: mean=2.464, median=2.452 (22.1s)
  > Extracting with Batch Size 128...
    pray: mean=2.512, median=2.521 (21.2s)
  > Extracting with Batch Size 128...
    reborn: mean=2.460, median=2.421 (21.3s)
  > Extracting with Batch Size 128...
    relexp: mean=2.430, median=2.385 (21.2s)
    [Memory cleanup at 20/75]
  > Extracting with Batch Size 128...
    relidesc: mean=2.435, median=2.409 (19.4s)
  > Extracting with Batch Size 128...
    relidimp: mean=2.637, median=2.644 (19.2s)
  > Extracting with Batch Size 128...
    relidins: mean=2.338, median=2.340 (19.6s)
  > Extracting with Batch Size 128...
    relidwe: mean=2.306, median=2.287 (20.6s)
  > Extracting with Batch Size 128...
    religimp: mean=2.637, median=2.644 (19.3s)
  > Extracting with Batch Size 128...
    relpersn: mean=2.444, median=2.417 (19.7s)
  > Extracting with Batch Size 128...
    savesoul: mean=2.590, median=2.590 (20.5s)
  > Extracting with Batch Size 128...
    sprtprsn: mean=2.402, median=2.375 (21.7s)
  > Extracting with Batch Size 128...
    evcrack: mean=2.349, median=2.334 (19.3s)
  > Extracting with Batch Size 128...
    emailhr: mean=2.187, median=2.153 (19.2s)
  > Extracting with Batch Size 128...
    emailmin: mean=2.197, median=2.167 (20.5s)
  > Extracting with Batch Size 128...
    wwwhr: mean=2.288, median=2.260 (20.7s)
  > Extracting with Batch Size 128...
    wwwmin: mean=2.267, median=2.242 (20.0s)
  > Extracting with Batch Size 128...
    condom: mean=2.529, median=2.553 (20.0s)
  > Extracting with Batch Size 128...
    fammhneg: mean=2.459, median=2.449 (19.9s)
  > Extracting with Batch Size 128...
    othmhneg: mean=2.418, median=2.400 (21.4s)
  > Extracting with Batch Size 128...
    fear: mean=2.351, median=2.328 (20.6s)
  > Extracting with Batch Size 128...
    opclout: mean=2.340, median=2.326 (20.9s)
  > Extracting with Batch Size 128...
    opeduc: mean=2.511, median=2.495 (20.7s)
  > Extracting with Batch Size 128...
    ophrdwrk: mean=2.574, median=2.563 (19.6s)
    [Memory cleanup at 40/75]
  > Extracting with Batch Size 128...
    opknow: mean=2.376, median=2.356 (19.4s)
  > Extracting with Batch Size 128...
    oppared: mean=2.511, median=2.488 (19.2s)
  > Extracting with Batch Size 128...
    oprelig: mean=2.740, median=2.766 (18.6s)
  > Extracting with Batch Size 128...
    opwlth: mean=2.594, median=2.571 (19.3s)
  > Extracting with Batch Size 128...
    goodlife: mean=2.526, median=2.523 (18.5s)
  > Extracting with Batch Size 128...
    kidssol: mean=2.472, median=2.458 (18.9s)
  > Extracting with Batch Size 128...
    parsol: mean=2.435, median=2.414 (18.5s)
  > Extracting with Batch Size 128...
    life: mean=2.338, median=2.321 (19.4s)
  > Extracting with Batch Size 128...
    helpful: mean=2.416, median=2.406 (18.4s)
  > Extracting with Batch Size 128...
    hrsrelax: mean=2.256, median=2.221 (18.4s)
  > Extracting with Batch Size 128...
    hunt: mean=2.391, median=2.389 (18.9s)
  > Extracting with Batch Size 128...
    socbar: mean=2.319, median=2.291 (19.1s)
  > Extracting with Batch Size 128...
    socfrend: mean=2.392, median=2.361 (19.1s)
  > Extracting with Batch Size 128...
    socommun: mean=2.381, median=2.356 (20.2s)
  > Extracting with Batch Size 128...
    socrel: mean=2.346, median=2.316 (19.7s)
  > Extracting with Batch Size 128...
    xmovie: mean=2.408, median=2.401 (19.9s)
  > Extracting with Batch Size 128...
    homosex: mean=2.839, median=2.907 (19.0s)
  > Extracting with Batch Size 128...
    premarsx: mean=2.687, median=2.707 (18.4s)
  > Extracting with Batch Size 128...
    teensex: mean=2.682, median=2.709 (20.8s)
  > Extracting with Batch Size 128...
    xmarsex: mean=2.511, median=2.507 (19.7s)
    [Memory cleanup at 60/75]
  > Extracting with Batch Size 128...
    eldfnce: mean=2.475, median=2.460 (19.9s)
  > Extracting with Batch Size 128...
    marasian: mean=2.553, median=2.637 (20.0s)
  > Extracting with Batch Size 128...
    marmakid: mean=2.670, median=2.701 (22.0s)
  > Extracting with Batch Size 128...
    marpakid: mean=2.622, median=2.637 (19.4s)
  > Extracting with Batch Size 128...
    marwht: mean=2.523, median=2.577 (21.0s)
  > Extracting with Batch Size 128...
    meovrwrk: mean=2.505, median=2.490 (19.4s)
  > Extracting with Batch Size 128...
    recycle: mean=2.337, median=2.318 (19.7s)
  > Extracting with Batch Size 128...
    raclive: mean=2.499, median=2.619 (18.9s)
  > Extracting with Batch Size 128...
    rfamlook: mean=2.352, median=2.321 (21.2s)
  > Extracting with Batch Size 128...
    spfalook: mean=2.376, median=2.357 (19.2s)
  > Extracting with Batch Size 128...
    richwork: mean=2.340, median=2.312 (19.4s)
  > Extracting with Batch Size 128...
    spanking: mean=2.574, median=2.576 (20.2s)
  > Extracting with Batch Size 128...
    toofast: mean=2.483, median=2.476 (19.7s)
  > Extracting with Batch Size 128...
    intsci: mean=2.312, median=2.296 (19.6s)
  > Extracting with Batch Size 128...
    inttech: mean=2.303, median=2.269 (19.5s)
  Saved: llm_results/df_gss_pca_private_life_gemma-2-9b-it_20260203_165220.pkl

======================================================================
CORRELATION ANALYSIS
======================================================================

[PUBLIC_ISSUES]
  Centroid: mean
    PCA- 5: r=0.5868, ρ=0.5975 (n=134)
    PCA-10: r=0.5945, ρ=0.6061 (n=134)
    PCA-15: r=0.5925, ρ=0.5975 (n=134)
    PCA-30: r=0.5882, ρ=0.5983 (n=134)
  Centroid: median
    PCA- 5: r=0.5785, ρ=0.5891 (n=134)
    PCA-10: r=0.5889, ρ=0.6053 (n=134)
    PCA-15: r=0.5902, ρ=0.6010 (n=134)
    PCA-30: r=0.5903, ρ=0.5997 (n=134)

[PRIVATE_LIFE]
  Centroid: mean
    PCA- 5: r=0.6101, ρ=0.5111 (n=75)
    PCA-10: r=0.6285, ρ=0.5223 (n=75)
    PCA-15: r=0.6234, ρ=0.5102 (n=75)
    PCA-30: r=0.5948, ρ=0.5068 (n=75)
  Centroid: median
    PCA- 5: r=0.5935, ρ=0.5023 (n=75)
    PCA-10: r=0.6135, ρ=0.5051 (n=75)
    PCA-15: r=0.6062, ρ=0.4966 (n=75)
    PCA-30: r=0.5784, ρ=0.4941 (n=75)

Saved: llm_results/gss_pca_correlations_gemma-2-9b-it_20260203_165220.csv

======================================================================
BOOTSTRAP SENSITIVITY ANALYSIS (PCA-10)
======================================================================

--- Centroid Method: MEAN ---

[PUBLIC_ISSUES]
  Total: 134, Sample: 126
  Original r: 0.5945
  Running 1,000,000 iterations across 20 workers...
  Completed in 14.7s

  Top 5 samples:
    r=0.7044, removed: ['abhlth', 'abhelp4', 'polescap']...
    r=0.7019, removed: ['abhlth', 'grwthelp', 'cappun']...
    r=0.6982, removed: ['abhlth', 'abhelp4', 'nobuygrn']...
    r=0.6975, removed: ['abhlth', 'advfront', 'carsgen']...
    r=0.6958, removed: ['abhlth', 'discaffw', 'grnprog']...

[PRIVATE_LIFE]
  Total: 75, Sample: 70
  Original r: 0.6285
  Running 100,000 iterations across 20 workers...
  Completed in 1.9s

  Top 5 samples:
    r=0.7425, removed: ['frndsex', 'popespks', 'oprelig']...
    r=0.7390, removed: ['frndsex', 'popespks', 'oprelig']...
    r=0.7343, removed: ['popespks', 'relidesc', 'oprelig']...
    r=0.7330, removed: ['frndsex', 'oprelig', 'kidssol']...
    r=0.7326, removed: ['pikupsex', 'popespks', 'relidins']...

--- Centroid Method: MEDIAN ---

[PUBLIC_ISSUES]
  Total: 134, Sample: 126
  Original r: 0.5889
  Running 1,000,000 iterations across 20 workers...
  Completed in 13.9s

  Top 5 samples:
    r=0.6938, removed: ['abhlth', 'abhelp4', 'polescap']...
    r=0.6917, removed: ['abhlth', 'grwthelp', 'cappun']...
    r=0.6887, removed: ['abhlth', 'abhelp4', 'nobuygrn']...
    r=0.6875, removed: ['abhlth', 'advfront', 'carsgen']...
    r=0.6863, removed: ['abhlth', 'discaffw', 'grnprog']...

[PRIVATE_LIFE]
  Total: 75, Sample: 70
  Original r: 0.6135
  Running 100,000 iterations across 20 workers...
  Completed in 2.0s

  Top 5 samples:
    r=0.7219, removed: ['frndsex', 'popespks', 'oprelig']...
    r=0.7183, removed: ['frndsex', 'popespks', 'oprelig']...
    r=0.7179, removed: ['frndsex', 'relexp', 'relidins']...
    r=0.7129, removed: ['frndsex', 'popespks', 'reborn']...
    r=0.7128, removed: ['partnrs5', 'popespks', 'relidins']...

======================================================================
FILTERED RESULTS (Topic Exclusion)
======================================================================

Excluded (public): ['hubbywk1', 'intlwhts', 'racdif1', 'racdif2', 'racdif3', 'racdif4', 'wlthwhts', 'workwhts']
Excluded (private): ['helpful', 'helpfulnv', 'helpfulv', 'marwht', 'reborn']

         Category  PCA_Dim Centroid_Method  N_Original  N_Filtered  Pearson_Original  Pearson_Filtered  Spearman_Original  Spearman_Filtered
0   public_issues        5            mean         134         126          0.586781          0.638964           0.597451           0.635138
1   public_issues       10            mean         134         126          0.594528          0.646923           0.606140           0.639841
2   public_issues       15            mean         134         126          0.592462          0.648061           0.597506           0.635216
3   public_issues       30            mean         134         126          0.588207          0.641696           0.598319           0.628202
4   public_issues        5          median         134         126          0.578504          0.632353           0.589077           0.629606
5   public_issues       10          median         134         126          0.588859          0.642257           0.605337           0.637363
6   public_issues       15          median         134         126          0.590237          0.646209           0.601017           0.635678
7   public_issues       30          median         134         126          0.590348          0.644545           0.599731           0.635900
8    private_life        5            mean          75          72          0.610084          0.631812           0.511095           0.541482
9    private_life       10            mean          75          72          0.628462          0.633070           0.522333           0.530291
10   private_life       15            mean          75          72          0.623364          0.632585           0.510213           0.521030
11   private_life       30            mean          75          72          0.594783          0.609413           0.506771           0.529037
12   private_life        5          median          75          72          0.593535          0.625566           0.502304           0.542897
13   private_life       10          median          75          72          0.613539          0.631079           0.505121           0.527719
14   private_life       15          median          75          72          0.606230          0.629094           0.496586           0.528812
15   private_life       30          median          75          72          0.578403          0.606770           0.494139           0.534472

Saved: llm_results/gss_pca_filtered_gemma-2-9b-it_20260203_165220.csv

======================================================================
SUMMARY
======================================================================

Model: gemma-2-9b-it
PCA Dimensions: [5, 10, 15, 30]

Files saved to: /project/jevans/maxzhuyt/claude_polarization/anes-polarization/llm_results
  - df_gss_pca_combined_gemma-2-9b-it_20260203_165220.pkl
  - df_gss_pca_combined_gemma-2-9b-it_20260203_165220.csv
  - gss_pca_correlations_gemma-2-9b-it_20260203_165220.csv
  - gss_pca_filtered_gemma-2-9b-it_20260203_165220.csv

======================================================================
ANALYSIS COMPLETE
======================================================================

==============================================
Finished at: Tue Feb  3 18:04:11 CST 2026
==============================================
