==============================================
SLURM Job ID: 45009084
Running on: midway3-0315.rcc.local
Started at: Tue Feb  3 15:30:26 CST 2026
==============================================
10.50.251.59

Configuration:
  MODEL_PATH: /project/jevans/maxzhuyt/models/gemma-2-9b-it
  MODEL_NAME: gemma-2-9b-it
  POLITICIAN_CSV: data/politicians.csv
  PCA_DIMS: 5 10 15 30
  SKIP_BOOTSTRAP: 0

Command: python run_gss_pca.py     --model-path /project/jevans/maxzhuyt/models/gemma-2-9b-it     --model-name gemma-2-9b-it     --politician-csv data/politicians.csv     --pca-dims 5 10 15 30     --public-topics gss_question_lists/public_issues.csv     --public-polarization public_issues_polarization.csv     --private-topics gss_question_lists/private_life.csv     --private-polarization private_life_polarization.csv     --output-dir llm_results     --batch-size 128     --bootstrap-public 126     --bootstrap-private 70

======================================================================
GSS POLARIZATION ANALYSIS - PCA
======================================================================

[Configuration]
  Model: gemma-2-9b-it
  Model path: /project/jevans/maxzhuyt/models/gemma-2-9b-it
  Politician CSV: data/politicians.csv
  PCA dimensions: [5, 10, 15, 30]
  Output directory: /project/jevans/maxzhuyt/claude_polarization/anes-polarization/llm_results
  Timestamp: 20260203_153037

======================================================================
LOADING DATA
======================================================================

[PUBLIC_ISSUES]
  Topics loaded: 172
  Polarization data (filtered): 134 variables
  Final topics: 134

[PRIVATE_LIFE]
  Topics loaded: 98
  Polarization data (filtered): 87 variables
  Final topics: 75

======================================================================
LOADING MODEL
======================================================================
  CUDA available: True
  Loading: /project/jevans/maxzhuyt/models/gemma-2-9b-it
Loading model from: /project/jevans/maxzhuyt/models/gemma-2-9b-it...
  Layers: 42, Heads: 16

======================================================================
ANALYZING: PUBLIC_ISSUES
======================================================================
  Topics: 134
  Template: 'default'
  PCA dims: [5, 10, 15, 30]

  > Extracting with Batch Size 128...
    abdefect: PCA5=3.123, PCA10=3.671 (11.8s)
  > Extracting with Batch Size 128...
    abhlth: PCA5=3.328, PCA10=3.901 (10.4s)
  > Extracting with Batch Size 128...
    abnomore: PCA5=3.208, PCA10=3.782 (10.3s)
  > Extracting with Batch Size 128...
    abpoor: PCA5=3.336, PCA10=3.902 (10.1s)
  > Extracting with Batch Size 128...
    abrape: PCA5=3.227, PCA10=3.812 (10.5s)
  > Extracting with Batch Size 128...
    absingle: PCA5=3.235, PCA10=3.816 (9.9s)
  > Extracting with Batch Size 128...
    abhelp1: PCA5=3.049, PCA10=3.598 (9.9s)
  > Extracting with Batch Size 128...
    abhelp2: PCA5=3.145, PCA10=3.693 (9.5s)
  > Extracting with Batch Size 128...
    abhelp3: PCA5=3.072, PCA10=3.662 (10.3s)
  > Extracting with Batch Size 128...
    abhelp4: PCA5=3.142, PCA10=3.684 (9.7s)
  > Extracting with Batch Size 128...
    advfront: PCA5=2.514, PCA10=3.057 (10.0s)
  > Extracting with Batch Size 128...
    balpos: PCA5=2.583, PCA10=3.143 (9.8s)
  > Extracting with Batch Size 128...
    scientbe: PCA5=2.633, PCA10=3.168 (9.7s)
  > Extracting with Batch Size 128...
    scientgo: PCA5=2.620, PCA10=3.158 (9.8s)
  > Extracting with Batch Size 128...
    scienthe: PCA5=2.513, PCA10=3.043 (9.6s)
  > Extracting with Batch Size 128...
    affrmact: PCA5=2.843, PCA10=3.385 (9.9s)
  > Extracting with Batch Size 128...
    discaff: PCA5=2.609, PCA10=3.077 (10.7s)
  > Extracting with Batch Size 128...
    discaffm: PCA5=2.638, PCA10=3.137 (10.5s)
  > Extracting with Batch Size 128...
    discaffw: PCA5=2.668, PCA10=3.180 (10.5s)
  > Extracting with Batch Size 128...
    fehire: PCA5=2.866, PCA10=3.425 (9.8s)
    [Memory cleanup at 20/134]
  > Extracting with Batch Size 128...
    fejobaff: PCA5=2.778, PCA10=3.361 (9.7s)
  > Extracting with Batch Size 128...
    wrkwayup: PCA5=2.823, PCA10=3.325 (9.7s)
  > Extracting with Batch Size 128...
    carsgen: PCA5=2.835, PCA10=3.326 (9.7s)
  > Extracting with Batch Size 128...
    grncon: PCA5=2.975, PCA10=3.471 (9.6s)
  > Extracting with Batch Size 128...
    grnecon: PCA5=2.934, PCA10=3.487 (9.9s)
  > Extracting with Batch Size 128...
    grneffme: PCA5=3.002, PCA10=3.486 (9.7s)
  > Extracting with Batch Size 128...
    grnexagg: PCA5=2.965, PCA10=3.469 (9.3s)
  > Extracting with Batch Size 128...
    grnprice: PCA5=2.874, PCA10=3.353 (9.6s)
  > Extracting with Batch Size 128...
    grnprog: PCA5=2.751, PCA10=3.251 (9.6s)
  > Extracting with Batch Size 128...
    grnsol: PCA5=2.875, PCA10=3.384 (9.8s)
  > Extracting with Batch Size 128...
    grntaxes: PCA5=3.014, PCA10=3.498 (9.7s)
  > Extracting with Batch Size 128...
    grwtharm: PCA5=2.752, PCA10=3.275 (9.5s)
  > Extracting with Batch Size 128...
    grwthelp: PCA5=2.966, PCA10=3.522 (9.7s)
  > Extracting with Batch Size 128...
    harmsgrn: PCA5=2.754, PCA10=3.258 (9.9s)
  > Extracting with Batch Size 128...
    helpharm: PCA5=2.557, PCA10=3.048 (10.4s)
  > Extracting with Batch Size 128...
    ihlpgrn: PCA5=2.771, PCA10=3.279 (10.0s)
  > Extracting with Batch Size 128...
    impgrn: PCA5=3.028, PCA10=3.534 (9.9s)
  > Extracting with Batch Size 128...
    nobuygrn: PCA5=2.677, PCA10=3.138 (9.7s)
  > Extracting with Batch Size 128...
    othssame: PCA5=2.870, PCA10=3.381 (10.0s)
  > Extracting with Batch Size 128...
    scigrn: PCA5=2.598, PCA10=3.122 (10.0s)
    [Memory cleanup at 40/134]
  > Extracting with Batch Size 128...
    tempgen1: PCA5=3.223, PCA10=3.714 (9.6s)
  > Extracting with Batch Size 128...
    toodifme: PCA5=2.930, PCA10=3.429 (10.0s)
  > Extracting with Batch Size 128...
    cappun: PCA5=2.704, PCA10=3.300 (10.3s)
  > Extracting with Batch Size 128...
    courts: PCA5=2.581, PCA10=3.154 (10.5s)
  > Extracting with Batch Size 128...
    polabuse: PCA5=2.477, PCA10=3.048 (10.6s)
  > Extracting with Batch Size 128...
    polattak: PCA5=2.457, PCA10=3.020 (11.1s)
  > Extracting with Batch Size 128...
    polescap: PCA5=2.445, PCA10=3.002 (10.7s)
  > Extracting with Batch Size 128...
    polhitok: PCA5=2.439, PCA10=3.023 (10.3s)
  > Extracting with Batch Size 128...
    polmurdr: PCA5=2.454, PCA10=3.007 (10.8s)
  > Extracting with Batch Size 128...
    colath: PCA5=2.684, PCA10=3.264 (10.4s)
  > Extracting with Batch Size 128...
    colcom: PCA5=2.897, PCA10=3.519 (10.0s)
  > Extracting with Batch Size 128...
    colhomo: PCA5=2.938, PCA10=3.417 (10.0s)
  > Extracting with Batch Size 128...
    colmil: PCA5=2.579, PCA10=3.181 (10.4s)
  > Extracting with Batch Size 128...
    colmslm: PCA5=2.528, PCA10=3.113 (11.2s)
  > Extracting with Batch Size 128...
    colrac: PCA5=2.714, PCA10=3.214 (10.4s)
  > Extracting with Batch Size 128...
    conbus: PCA5=2.454, PCA10=3.030 (10.3s)
  > Extracting with Batch Size 128...
    conclerg: PCA5=2.598, PCA10=3.145 (10.2s)
  > Extracting with Batch Size 128...
    coneduc: PCA5=2.576, PCA10=3.122 (9.5s)
  > Extracting with Batch Size 128...
    confed: PCA5=2.411, PCA10=3.004 (10.6s)
  > Extracting with Batch Size 128...
    confinan: PCA5=2.430, PCA10=3.016 (10.0s)
    [Memory cleanup at 60/134]
  > Extracting with Batch Size 128...
    conjudge: PCA5=2.605, PCA10=3.186 (10.4s)
  > Extracting with Batch Size 128...
    conlegis: PCA5=2.374, PCA10=2.947 (9.9s)
  > Extracting with Batch Size 128...
    dangroth: PCA5=2.557, PCA10=3.114 (10.7s)
  > Extracting with Batch Size 128...
    dangrslf: PCA5=2.545, PCA10=3.105 (10.8s)
  > Extracting with Batch Size 128...
    mustdoc: PCA5=2.549, PCA10=3.105 (10.5s)
  > Extracting with Batch Size 128...
    musthosp: PCA5=2.551, PCA10=3.115 (10.5s)
  > Extracting with Batch Size 128...
    mustmed: PCA5=2.551, PCA10=3.111 (10.6s)
  > Extracting with Batch Size 128...
    viggrp: PCA5=2.637, PCA10=3.147 (10.5s)
  > Extracting with Batch Size 128...
    divlaw: PCA5=2.650, PCA10=3.174 (9.8s)
  > Extracting with Batch Size 128...
    eqwlth: PCA5=3.153, PCA10=3.678 (10.4s)
  > Extracting with Batch Size 128...
    goveqinc: PCA5=3.072, PCA10=3.615 (9.9s)
  > Extracting with Batch Size 128...
    goveqinc1: PCA5=2.987, PCA10=3.530 (10.5s)
  > Extracting with Batch Size 128...
    govineq1: PCA5=2.667, PCA10=3.150 (10.0s)
  > Extracting with Batch Size 128...
    govineq2: PCA5=2.819, PCA10=3.340 (10.4s)
  > Extracting with Batch Size 128...
    govchrst: PCA5=2.931, PCA10=3.487 (9.9s)
  > Extracting with Batch Size 128...
    govfnaid: PCA5=2.896, PCA10=3.442 (10.3s)
  > Extracting with Batch Size 128...
    govfnanc: PCA5=2.936, PCA10=3.463 (10.2s)
  > Extracting with Batch Size 128...
    govunemp: PCA5=2.909, PCA10=3.437 (9.9s)
  > Extracting with Batch Size 128...
    helpblk: PCA5=2.957, PCA10=3.447 (10.6s)
  > Extracting with Batch Size 128...
    helpnot: PCA5=2.739, PCA10=3.276 (10.7s)
    [Memory cleanup at 80/134]
  > Extracting with Batch Size 128...
    helppoor: PCA5=3.076, PCA10=3.581 (10.5s)
  > Extracting with Batch Size 128...
    helpsick: PCA5=3.094, PCA10=3.614 (10.4s)
  > Extracting with Batch Size 128...
    hlthgov: PCA5=3.085, PCA10=3.605 (10.1s)
  > Extracting with Batch Size 128...
    grass: PCA5=2.732, PCA10=3.241 (10.0s)
  > Extracting with Batch Size 128...
    gunlaw: PCA5=2.874, PCA10=3.452 (10.3s)
  > Extracting with Batch Size 128...
    hubbywk1: PCA5=2.990, PCA10=3.498 (11.2s)
  > Extracting with Batch Size 128...
    inteduc: PCA5=2.471, PCA10=3.027 (10.0s)
  > Extracting with Batch Size 128...
    ldctax: PCA5=2.823, PCA10=3.346 (10.2s)
  > Extracting with Batch Size 128...
    letdie1: PCA5=2.747, PCA10=3.286 (10.4s)
  > Extracting with Batch Size 128...
    libath: PCA5=2.632, PCA10=3.225 (10.4s)
  > Extracting with Batch Size 128...
    libcom: PCA5=2.598, PCA10=3.182 (10.3s)
  > Extracting with Batch Size 128...
    libhomo: PCA5=2.871, PCA10=3.378 (10.5s)
  > Extracting with Batch Size 128...
    libmil: PCA5=2.507, PCA10=3.106 (10.5s)
  > Extracting with Batch Size 128...
    libmslm: PCA5=2.589, PCA10=3.166 (10.5s)
  > Extracting with Batch Size 128...
    librac: PCA5=2.700, PCA10=3.211 (10.4s)
  > Extracting with Batch Size 128...
    nataid: PCA5=2.671, PCA10=3.269 (10.4s)
  > Extracting with Batch Size 128...
    natarms: PCA5=2.682, PCA10=3.267 (10.3s)
  > Extracting with Batch Size 128...
    natchld: PCA5=2.950, PCA10=3.491 (10.2s)
  > Extracting with Batch Size 128...
    natcrime: PCA5=2.699, PCA10=3.272 (10.3s)
  > Extracting with Batch Size 128...
    natdrug: PCA5=2.631, PCA10=3.169 (10.4s)
    [Memory cleanup at 100/134]
  > Extracting with Batch Size 128...
    nateduc: PCA5=2.795, PCA10=3.341 (10.4s)
  > Extracting with Batch Size 128...
    natenvir: PCA5=2.962, PCA10=3.474 (10.6s)
  > Extracting with Batch Size 128...
    natfare: PCA5=2.960, PCA10=3.530 (10.4s)
  > Extracting with Batch Size 128...
    natheal: PCA5=2.781, PCA10=3.334 (10.5s)
  > Extracting with Batch Size 128...
    natmass: PCA5=2.874, PCA10=3.413 (10.2s)
  > Extracting with Batch Size 128...
    natpark: PCA5=2.666, PCA10=3.181 (9.9s)
  > Extracting with Batch Size 128...
    natrace: PCA5=2.935, PCA10=3.430 (10.5s)
  > Extracting with Batch Size 128...
    natroad: PCA5=2.562, PCA10=3.138 (10.0s)
  > Extracting with Batch Size 128...
    natsci: PCA5=2.651, PCA10=3.179 (10.0s)
  > Extracting with Batch Size 128...
    natsoc: PCA5=2.884, PCA10=3.455 (9.8s)
  > Extracting with Batch Size 128...
    natspac: PCA5=2.561, PCA10=3.162 (10.2s)
  > Extracting with Batch Size 128...
    nextgen: PCA5=2.451, PCA10=3.028 (10.2s)
  > Extracting with Batch Size 128...
    oprace: PCA5=2.682, PCA10=3.159 (10.6s)
  > Extracting with Batch Size 128...
    opsex: PCA5=2.751, PCA10=3.218 (10.2s)
  > Extracting with Batch Size 128...
    polviews: PCA5=2.806, PCA10=3.459 (9.9s)
  > Extracting with Batch Size 128...
    pillok: PCA5=2.935, PCA10=3.460 (10.3s)
  > Extracting with Batch Size 128...
    sexeduc: PCA5=2.879, PCA10=3.424 (10.4s)
  > Extracting with Batch Size 128...
    prayer: PCA5=2.761, PCA10=3.398 (11.1s)
  > Extracting with Batch Size 128...
    religinf: PCA5=2.823, PCA10=3.370 (10.4s)
  > Extracting with Batch Size 128...
    racdif1: PCA5=2.760, PCA10=3.266 (10.7s)
    [Memory cleanup at 120/134]
  > Extracting with Batch Size 128...
    racdif2: PCA5=2.691, PCA10=3.173 (10.2s)
  > Extracting with Batch Size 128...
    racdif3: PCA5=2.662, PCA10=3.144 (10.4s)
  > Extracting with Batch Size 128...
    racdif4: PCA5=2.853, PCA10=3.335 (10.4s)
  > Extracting with Batch Size 128...
    racopen: PCA5=2.810, PCA10=3.348 (11.3s)
  > Extracting with Batch Size 128...
    intlwhts: PCA5=2.652, PCA10=3.146 (9.9s)
  > Extracting with Batch Size 128...
    wlthwhts: PCA5=2.875, PCA10=3.344 (9.9s)
  > Extracting with Batch Size 128...
    workwhts: PCA5=2.851, PCA10=3.316 (9.9s)
  > Extracting with Batch Size 128...
    spkath: PCA5=2.528, PCA10=3.111 (10.4s)
  > Extracting with Batch Size 128...
    spkcom: PCA5=2.618, PCA10=3.197 (10.0s)
  > Extracting with Batch Size 128...
    spkhomo: PCA5=2.968, PCA10=3.425 (10.5s)
  > Extracting with Batch Size 128...
    spkmil: PCA5=2.490, PCA10=3.108 (10.2s)
  > Extracting with Batch Size 128...
    spkmslm: PCA5=2.493, PCA10=3.080 (10.8s)
  > Extracting with Batch Size 128...
    spkrac: PCA5=2.756, PCA10=3.282 (10.4s)
  > Extracting with Batch Size 128...
    tax: PCA5=2.865, PCA10=3.465 (10.7s)
  Saved: llm_results/df_gss_pca_public_issues_gemma-2-9b-it_20260203_153037.pkl

======================================================================
ANALYZING: PRIVATE_LIFE
======================================================================
  Topics: 75
  Template: 'opinion'
  PCA dims: [5, 10, 15, 30]

  > Extracting with Batch Size 128...
    acqntsex: PCA5=2.208, PCA10=2.837 (10.3s)
  > Extracting with Batch Size 128...
    evpaidsx: PCA5=2.286, PCA10=2.923 (10.1s)
  > Extracting with Batch Size 128...
    evstray: PCA5=2.375, PCA10=2.991 (10.5s)
  > Extracting with Batch Size 128...
    frndsex: PCA5=2.246, PCA10=2.864 (10.0s)
  > Extracting with Batch Size 128...
    matesex: PCA5=2.267, PCA10=2.890 (10.0s)
  > Extracting with Batch Size 128...
    nummen: PCA5=2.342, PCA10=2.951 (9.7s)
  > Extracting with Batch Size 128...
    numwomen: PCA5=2.288, PCA10=2.917 (9.9s)
  > Extracting with Batch Size 128...
    paidsex: PCA5=2.356, PCA10=2.981 (9.7s)
  > Extracting with Batch Size 128...
    partners: PCA5=2.345, PCA10=2.953 (9.8s)
  > Extracting with Batch Size 128...
    partnrs5: PCA5=2.345, PCA10=2.953 (9.9s)
  > Extracting with Batch Size 128...
    pikupsex: PCA5=2.235, PCA10=2.855 (10.4s)
  > Extracting with Batch Size 128...
    sexfreq: PCA5=2.353, PCA10=2.927 (10.2s)
  > Extracting with Batch Size 128...
    attend: PCA5=2.526, PCA10=3.099 (9.9s)
  > Extracting with Batch Size 128...
    bible: PCA5=2.663, PCA10=3.204 (9.9s)
  > Extracting with Batch Size 128...
    god: PCA5=2.626, PCA10=3.183 (9.7s)
  > Extracting with Batch Size 128...
    popespks: PCA5=2.528, PCA10=3.186 (10.2s)
  > Extracting with Batch Size 128...
    postlife: PCA5=2.464, PCA10=3.063 (10.3s)
  > Extracting with Batch Size 128...
    pray: PCA5=2.512, PCA10=3.089 (10.0s)
  > Extracting with Batch Size 128...
    reborn: PCA5=2.460, PCA10=3.105 (10.4s)
  > Extracting with Batch Size 128...
    relexp: PCA5=2.430, PCA10=3.040 (10.3s)
    [Memory cleanup at 20/75]
  > Extracting with Batch Size 128...
    relidesc: PCA5=2.435, PCA10=3.035 (10.3s)
  > Extracting with Batch Size 128...
    relidimp: PCA5=2.637, PCA10=3.202 (9.8s)
  > Extracting with Batch Size 128...
    relidins: PCA5=2.338, PCA10=2.920 (10.1s)
  > Extracting with Batch Size 128...
    relidwe: PCA5=2.306, PCA10=2.891 (10.1s)
  > Extracting with Batch Size 128...
    religimp: PCA5=2.637, PCA10=3.202 (9.9s)
  > Extracting with Batch Size 128...
    relpersn: PCA5=2.444, PCA10=3.075 (10.3s)
  > Extracting with Batch Size 128...
    savesoul: PCA5=2.590, PCA10=3.148 (10.2s)
  > Extracting with Batch Size 128...
    sprtprsn: PCA5=2.402, PCA10=3.036 (9.8s)
  > Extracting with Batch Size 128...
    evcrack: PCA5=2.349, PCA10=2.939 (9.8s)
  > Extracting with Batch Size 128...
    emailhr: PCA5=2.187, PCA10=2.782 (10.2s)
  > Extracting with Batch Size 128...
    emailmin: PCA5=2.197, PCA10=2.785 (10.0s)
  > Extracting with Batch Size 128...
    wwwhr: PCA5=2.288, PCA10=2.874 (10.3s)
  > Extracting with Batch Size 128...
    wwwmin: PCA5=2.267, PCA10=2.865 (10.1s)
  > Extracting with Batch Size 128...
    condom: PCA5=2.529, PCA10=3.128 (10.0s)
  > Extracting with Batch Size 128...
    fammhneg: PCA5=2.459, PCA10=2.986 (10.1s)
  > Extracting with Batch Size 128...
    othmhneg: PCA5=2.418, PCA10=2.941 (10.5s)
  > Extracting with Batch Size 128...
    fear: PCA5=2.351, PCA10=2.940 (10.6s)
  > Extracting with Batch Size 128...
    opclout: PCA5=2.340, PCA10=2.928 (9.9s)
  > Extracting with Batch Size 128...
    opeduc: PCA5=2.511, PCA10=3.080 (10.5s)
  > Extracting with Batch Size 128...
    ophrdwrk: PCA5=2.574, PCA10=3.136 (10.2s)
    [Memory cleanup at 40/75]
  > Extracting with Batch Size 128...
    opknow: PCA5=2.376, PCA10=2.949 (10.1s)
  > Extracting with Batch Size 128...
    oppared: PCA5=2.511, PCA10=3.061 (10.4s)
  > Extracting with Batch Size 128...
    oprelig: PCA5=2.740, PCA10=3.276 (10.4s)
  > Extracting with Batch Size 128...
    opwlth: PCA5=2.594, PCA10=3.121 (10.1s)
  > Extracting with Batch Size 128...
    goodlife: PCA5=2.526, PCA10=3.117 (10.3s)
  > Extracting with Batch Size 128...
    kidssol: PCA5=2.472, PCA10=3.060 (10.2s)
  > Extracting with Batch Size 128...
    parsol: PCA5=2.435, PCA10=3.022 (10.0s)
  > Extracting with Batch Size 128...
    life: PCA5=2.338, PCA10=2.933 (9.9s)
  > Extracting with Batch Size 128...
    helpful: PCA5=2.416, PCA10=3.003 (10.6s)
  > Extracting with Batch Size 128...
    hrsrelax: PCA5=2.256, PCA10=2.850 (10.0s)
  > Extracting with Batch Size 128...
    hunt: PCA5=2.391, PCA10=2.996 (9.7s)
  > Extracting with Batch Size 128...
    socbar: PCA5=2.319, PCA10=2.910 (9.6s)
  > Extracting with Batch Size 128...
    socfrend: PCA5=2.392, PCA10=2.963 (10.3s)
  > Extracting with Batch Size 128...
    socommun: PCA5=2.381, PCA10=2.959 (10.0s)
  > Extracting with Batch Size 128...
    socrel: PCA5=2.346, PCA10=2.931 (10.3s)
  > Extracting with Batch Size 128...
    xmovie: PCA5=2.408, PCA10=3.020 (10.2s)
  > Extracting with Batch Size 128...
    homosex: PCA5=2.839, PCA10=3.368 (9.7s)
  > Extracting with Batch Size 128...
    premarsx: PCA5=2.687, PCA10=3.240 (9.9s)
  > Extracting with Batch Size 128...
    teensex: PCA5=2.682, PCA10=3.264 (10.4s)
  > Extracting with Batch Size 128...
    xmarsex: PCA5=2.511, PCA10=3.105 (10.0s)
    [Memory cleanup at 60/75]
  > Extracting with Batch Size 128...
    eldfnce: PCA5=2.475, PCA10=3.070 (9.9s)
  > Extracting with Batch Size 128...
    marasian: PCA5=2.553, PCA10=3.017 (9.9s)
  > Extracting with Batch Size 128...
    marmakid: PCA5=2.670, PCA10=3.246 (10.2s)
  > Extracting with Batch Size 128...
    marpakid: PCA5=2.622, PCA10=3.207 (10.5s)
  > Extracting with Batch Size 128...
    marwht: PCA5=2.523, PCA10=3.023 (10.3s)
  > Extracting with Batch Size 128...
    meovrwrk: PCA5=2.505, PCA10=3.101 (10.2s)
  > Extracting with Batch Size 128...
    recycle: PCA5=2.337, PCA10=2.905 (10.2s)
  > Extracting with Batch Size 128...
    raclive: PCA5=2.499, PCA10=2.957 (9.2s)
  > Extracting with Batch Size 128...
    rfamlook: PCA5=2.352, PCA10=2.919 (9.5s)
  > Extracting with Batch Size 128...
    spfalook: PCA5=2.376, PCA10=2.946 (10.0s)
  > Extracting with Batch Size 128...
    richwork: PCA5=2.340, PCA10=2.944 (9.8s)
  > Extracting with Batch Size 128...
    spanking: PCA5=2.574, PCA10=3.156 (10.3s)
  > Extracting with Batch Size 128...
    toofast: PCA5=2.483, PCA10=3.048 (9.6s)
  > Extracting with Batch Size 128...
    intsci: PCA5=2.312, PCA10=2.860 (8.8s)
  > Extracting with Batch Size 128...
    inttech: PCA5=2.303, PCA10=2.886 (8.7s)
  Saved: llm_results/df_gss_pca_private_life_gemma-2-9b-it_20260203_153037.pkl

======================================================================
CORRELATION ANALYSIS
======================================================================

[PUBLIC_ISSUES]
  PCA- 5: r=0.5868, ρ=0.5975 (n=134)
  PCA-10: r=0.5945, ρ=0.6061 (n=134)
  PCA-15: r=0.5925, ρ=0.5982 (n=134)
  PCA-30: r=0.5885, ρ=0.5993 (n=134)

[PRIVATE_LIFE]
  PCA- 5: r=0.6101, ρ=0.5111 (n=75)
  PCA-10: r=0.6285, ρ=0.5222 (n=75)
  PCA-15: r=0.6233, ρ=0.5098 (n=75)
  PCA-30: r=0.5932, ρ=0.5066 (n=75)

Saved: llm_results/gss_pca_correlations_gemma-2-9b-it_20260203_153037.csv

======================================================================
BOOTSTRAP SENSITIVITY ANALYSIS (PCA-10)
======================================================================

[PUBLIC_ISSUES]
  Total: 134, Sample: 126
  Original r: 0.5945
  Running 1,000,000 iterations across 20 workers...
  Completed in 14.6s

  Top 5 samples:
    r=0.7044, removed: ['abhlth', 'abhelp4', 'polescap']...
    r=0.7019, removed: ['abhlth', 'grwthelp', 'cappun']...
    r=0.6982, removed: ['abhlth', 'abhelp4', 'nobuygrn']...
    r=0.6975, removed: ['abhlth', 'advfront', 'carsgen']...
    r=0.6958, removed: ['abhlth', 'discaffw', 'grnprog']...

[PRIVATE_LIFE]
  Total: 75, Sample: 70
  Original r: 0.6285
  Running 100,000 iterations across 20 workers...
  Completed in 1.8s

  Top 5 samples:
    r=0.7425, removed: ['frndsex', 'popespks', 'oprelig']...
    r=0.7389, removed: ['frndsex', 'popespks', 'oprelig']...
    r=0.7343, removed: ['popespks', 'relidesc', 'oprelig']...
    r=0.7330, removed: ['frndsex', 'oprelig', 'kidssol']...
    r=0.7325, removed: ['pikupsex', 'popespks', 'relidins']...

======================================================================
FILTERED RESULTS (Topic Exclusion)
======================================================================

Excluded (public): ['hubbywk1', 'intlwhts', 'racdif1', 'racdif2', 'racdif3', 'racdif4', 'wlthwhts', 'workwhts']
Excluded (private): ['helpful', 'helpfulnv', 'helpfulv', 'marwht', 'reborn']

        Category  PCA_Dim  N_Original  N_Filtered  Pearson_Original  Pearson_Filtered  Spearman_Original  Spearman_Filtered
0  public_issues        5         134         126          0.586792          0.638978           0.597451           0.635138
1  public_issues       10         134         126          0.594539          0.646930           0.606140           0.639841
2  public_issues       15         134         126          0.592493          0.648047           0.598190           0.635996
3  public_issues       30         134         126          0.588492          0.642423           0.599327           0.630050
4   private_life        5          75          72          0.610103          0.631832           0.511095           0.541482
5   private_life       10          75          72          0.628477          0.633102           0.522248           0.530195
6   private_life       15          75          72          0.623348          0.632598           0.509844           0.520612
7   private_life       30          75          72          0.593192          0.607836           0.506629           0.528973

Saved: llm_results/gss_pca_filtered_gemma-2-9b-it_20260203_153037.csv

======================================================================
SUMMARY
======================================================================

Model: gemma-2-9b-it
PCA Dimensions: [5, 10, 15, 30]

Files saved to: /project/jevans/maxzhuyt/claude_polarization/anes-polarization/llm_results
  - df_gss_pca_combined_gemma-2-9b-it_20260203_153037.pkl
  - df_gss_pca_combined_gemma-2-9b-it_20260203_153037.csv
  - gss_pca_correlations_gemma-2-9b-it_20260203_153037.csv
  - gss_pca_filtered_gemma-2-9b-it_20260203_153037.csv

======================================================================
ANALYSIS COMPLETE
======================================================================

==============================================
Finished at: Tue Feb  3 16:06:38 CST 2026
==============================================
