==============================================
SLURM Job ID: 45009083
Running on: midway3-0315.rcc.local
Started at: Tue Feb  3 15:28:38 CST 2026
==============================================
10.50.251.59

Configuration:
  MODEL_PATH: /project/jevans/maxzhuyt/models/gemma-2-9b
  MODEL_NAME: gemma-2-9b
  POLITICIAN_CSV: data/politicians.csv
  PCA_DIMS: 5 10 15 30
  SKIP_BOOTSTRAP: 0

Command: python run_gss_pca.py     --model-path /project/jevans/maxzhuyt/models/gemma-2-9b     --model-name gemma-2-9b     --politician-csv data/politicians.csv     --pca-dims 5 10 15 30     --public-topics gss_question_lists/public_issues.csv     --public-polarization public_issues_polarization.csv     --private-topics gss_question_lists/private_life.csv     --private-polarization private_life_polarization.csv     --output-dir llm_results     --batch-size 128     --bootstrap-public 126     --bootstrap-private 70

======================================================================
GSS POLARIZATION ANALYSIS - PCA
======================================================================

[Configuration]
  Model: gemma-2-9b
  Model path: /project/jevans/maxzhuyt/models/gemma-2-9b
  Politician CSV: data/politicians.csv
  PCA dimensions: [5, 10, 15, 30]
  Output directory: /project/jevans/maxzhuyt/claude_polarization/anes-polarization/llm_results
  Timestamp: 20260203_152905

======================================================================
LOADING DATA
======================================================================

[PUBLIC_ISSUES]
  Topics loaded: 172
  Polarization data (filtered): 134 variables
  Final topics: 134

[PRIVATE_LIFE]
  Topics loaded: 98
  Polarization data (filtered): 87 variables
  Final topics: 75

======================================================================
LOADING MODEL
======================================================================
  CUDA available: True
  Loading: /project/jevans/maxzhuyt/models/gemma-2-9b
Loading model from: /project/jevans/maxzhuyt/models/gemma-2-9b...
  Layers: 42, Heads: 16

======================================================================
ANALYZING: PUBLIC_ISSUES
======================================================================
  Topics: 134
  Template: 'default'
  PCA dims: [5, 10, 15, 30]

  > Extracting with Batch Size 128...
    abdefect: PCA5=1.663, PCA10=2.304 (11.5s)
  > Extracting with Batch Size 128...
    abhlth: PCA5=1.641, PCA10=2.300 (10.9s)
  > Extracting with Batch Size 128...
    abnomore: PCA5=1.643, PCA10=2.288 (11.0s)
  > Extracting with Batch Size 128...
    abpoor: PCA5=1.667, PCA10=2.284 (11.3s)
  > Extracting with Batch Size 128...
    abrape: PCA5=1.668, PCA10=2.304 (10.8s)
  > Extracting with Batch Size 128...
    absingle: PCA5=1.666, PCA10=2.327 (9.7s)
  > Extracting with Batch Size 128...
    abhelp1: PCA5=1.593, PCA10=2.231 (9.7s)
  > Extracting with Batch Size 128...
    abhelp2: PCA5=1.717, PCA10=2.384 (8.3s)
  > Extracting with Batch Size 128...
    abhelp3: PCA5=1.577, PCA10=2.271 (10.0s)
  > Extracting with Batch Size 128...
    abhelp4: PCA5=1.647, PCA10=2.254 (9.6s)
  > Extracting with Batch Size 128...
    advfront: PCA5=1.507, PCA10=2.138 (9.8s)
  > Extracting with Batch Size 128...
    balpos: PCA5=1.406, PCA10=2.023 (9.8s)
  > Extracting with Batch Size 128...
    scientbe: PCA5=1.583, PCA10=2.191 (9.9s)
  > Extracting with Batch Size 128...
    scientgo: PCA5=1.560, PCA10=2.144 (9.7s)
  > Extracting with Batch Size 128...
    scienthe: PCA5=1.500, PCA10=2.126 (9.4s)
  > Extracting with Batch Size 128...
    affrmact: PCA5=1.554, PCA10=2.187 (9.6s)
  > Extracting with Batch Size 128...
    discaff: PCA5=1.645, PCA10=2.219 (10.6s)
  > Extracting with Batch Size 128...
    discaffm: PCA5=1.581, PCA10=2.142 (10.6s)
  > Extracting with Batch Size 128...
    discaffw: PCA5=1.761, PCA10=2.330 (10.6s)
  > Extracting with Batch Size 128...
    fehire: PCA5=1.434, PCA10=2.060 (9.8s)
    [Memory cleanup at 20/134]
  > Extracting with Batch Size 128...
    fejobaff: PCA5=1.485, PCA10=2.115 (9.6s)
  > Extracting with Batch Size 128...
    wrkwayup: PCA5=1.709, PCA10=2.250 (9.7s)
  > Extracting with Batch Size 128...
    carsgen: PCA5=1.449, PCA10=2.084 (9.6s)
  > Extracting with Batch Size 128...
    grncon: PCA5=1.597, PCA10=2.307 (9.4s)
  > Extracting with Batch Size 128...
    grnecon: PCA5=1.438, PCA10=2.090 (10.1s)
  > Extracting with Batch Size 128...
    grneffme: PCA5=1.458, PCA10=2.109 (9.8s)
  > Extracting with Batch Size 128...
    grnexagg: PCA5=1.452, PCA10=2.112 (9.6s)
  > Extracting with Batch Size 128...
    grnprice: PCA5=1.505, PCA10=2.121 (9.6s)
  > Extracting with Batch Size 128...
    grnprog: PCA5=1.464, PCA10=2.085 (9.7s)
  > Extracting with Batch Size 128...
    grnsol: PCA5=1.498, PCA10=2.188 (9.6s)
  > Extracting with Batch Size 128...
    grntaxes: PCA5=1.585, PCA10=2.212 (9.8s)
  > Extracting with Batch Size 128...
    grwtharm: PCA5=1.426, PCA10=2.074 (9.4s)
  > Extracting with Batch Size 128...
    grwthelp: PCA5=1.470, PCA10=2.119 (9.5s)
  > Extracting with Batch Size 128...
    harmsgrn: PCA5=1.606, PCA10=2.189 (9.6s)
  > Extracting with Batch Size 128...
    helpharm: PCA5=1.484, PCA10=2.115 (10.3s)
  > Extracting with Batch Size 128...
    ihlpgrn: PCA5=1.465, PCA10=2.111 (10.3s)
  > Extracting with Batch Size 128...
    impgrn: PCA5=1.641, PCA10=2.271 (9.8s)
  > Extracting with Batch Size 128...
    nobuygrn: PCA5=1.495, PCA10=2.122 (9.7s)
  > Extracting with Batch Size 128...
    othssame: PCA5=1.513, PCA10=2.099 (10.2s)
  > Extracting with Batch Size 128...
    scigrn: PCA5=1.539, PCA10=2.161 (9.9s)
    [Memory cleanup at 40/134]
  > Extracting with Batch Size 128...
    tempgen1: PCA5=1.546, PCA10=2.203 (9.6s)
  > Extracting with Batch Size 128...
    toodifme: PCA5=1.627, PCA10=2.255 (9.5s)
  > Extracting with Batch Size 128...
    cappun: PCA5=1.442, PCA10=2.142 (10.0s)
  > Extracting with Batch Size 128...
    courts: PCA5=1.398, PCA10=2.013 (10.2s)
  > Extracting with Batch Size 128...
    polabuse: PCA5=1.511, PCA10=2.063 (10.3s)
  > Extracting with Batch Size 128...
    polattak: PCA5=1.488, PCA10=2.038 (10.6s)
  > Extracting with Batch Size 128...
    polescap: PCA5=1.497, PCA10=2.042 (10.3s)
  > Extracting with Batch Size 128...
    polhitok: PCA5=1.573, PCA10=2.109 (10.2s)
  > Extracting with Batch Size 128...
    polmurdr: PCA5=1.481, PCA10=2.041 (11.0s)
  > Extracting with Batch Size 128...
    colath: PCA5=1.500, PCA10=2.090 (10.2s)
  > Extracting with Batch Size 128...
    colcom: PCA5=1.496, PCA10=2.090 (9.8s)
  > Extracting with Batch Size 128...
    colhomo: PCA5=1.638, PCA10=2.234 (10.4s)
  > Extracting with Batch Size 128...
    colmil: PCA5=1.442, PCA10=2.045 (10.6s)
  > Extracting with Batch Size 128...
    colmslm: PCA5=1.490, PCA10=2.081 (10.8s)
  > Extracting with Batch Size 128...
    colrac: PCA5=1.578, PCA10=2.141 (10.7s)
  > Extracting with Batch Size 128...
    conbus: PCA5=1.373, PCA10=1.954 (10.1s)
  > Extracting with Batch Size 128...
    conclerg: PCA5=1.463, PCA10=2.045 (10.3s)
  > Extracting with Batch Size 128...
    coneduc: PCA5=1.488, PCA10=2.081 (10.0s)
  > Extracting with Batch Size 128...
    confed: PCA5=1.297, PCA10=1.890 (10.0s)
  > Extracting with Batch Size 128...
    confinan: PCA5=1.334, PCA10=1.943 (10.0s)
    [Memory cleanup at 60/134]
  > Extracting with Batch Size 128...
    conjudge: PCA5=1.353, PCA10=1.964 (10.1s)
  > Extracting with Batch Size 128...
    conlegis: PCA5=1.356, PCA10=1.978 (9.8s)
  > Extracting with Batch Size 128...
    dangroth: PCA5=1.435, PCA10=2.025 (10.5s)
  > Extracting with Batch Size 128...
    dangrslf: PCA5=1.437, PCA10=2.033 (10.4s)
  > Extracting with Batch Size 128...
    mustdoc: PCA5=1.411, PCA10=1.990 (10.4s)
  > Extracting with Batch Size 128...
    musthosp: PCA5=1.430, PCA10=2.023 (10.4s)
  > Extracting with Batch Size 128...
    mustmed: PCA5=1.434, PCA10=2.016 (10.5s)
  > Extracting with Batch Size 128...
    viggrp: PCA5=1.568, PCA10=2.183 (10.2s)
  > Extracting with Batch Size 128...
    divlaw: PCA5=1.367, PCA10=2.014 (10.2s)
  > Extracting with Batch Size 128...
    eqwlth: PCA5=1.398, PCA10=2.027 (10.4s)
  > Extracting with Batch Size 128...
    goveqinc: PCA5=1.454, PCA10=2.031 (9.6s)
  > Extracting with Batch Size 128...
    goveqinc1: PCA5=1.448, PCA10=2.016 (10.2s)
  > Extracting with Batch Size 128...
    govineq1: PCA5=1.422, PCA10=2.010 (9.9s)
  > Extracting with Batch Size 128...
    govineq2: PCA5=1.561, PCA10=2.154 (9.9s)
  > Extracting with Batch Size 128...
    govchrst: PCA5=1.708, PCA10=2.298 (9.8s)
  > Extracting with Batch Size 128...
    govfnaid: PCA5=1.425, PCA10=2.096 (10.5s)
  > Extracting with Batch Size 128...
    govfnanc: PCA5=1.433, PCA10=2.072 (9.9s)
  > Extracting with Batch Size 128...
    govunemp: PCA5=1.438, PCA10=2.118 (9.8s)
  > Extracting with Batch Size 128...
    helpblk: PCA5=1.458, PCA10=2.082 (10.5s)
  > Extracting with Batch Size 128...
    helpnot: PCA5=1.324, PCA10=2.013 (10.5s)
    [Memory cleanup at 80/134]
  > Extracting with Batch Size 128...
    helppoor: PCA5=1.448, PCA10=2.078 (9.9s)
  > Extracting with Batch Size 128...
    helpsick: PCA5=1.413, PCA10=2.029 (10.6s)
  > Extracting with Batch Size 128...
    hlthgov: PCA5=1.470, PCA10=2.128 (10.2s)
  > Extracting with Batch Size 128...
    grass: PCA5=1.481, PCA10=2.149 (10.0s)
  > Extracting with Batch Size 128...
    gunlaw: PCA5=1.513, PCA10=2.177 (10.1s)
  > Extracting with Batch Size 128...
    hubbywk1: PCA5=1.537, PCA10=2.084 (10.7s)
  > Extracting with Batch Size 128...
    inteduc: PCA5=1.464, PCA10=2.023 (10.1s)
  > Extracting with Batch Size 128...
    ldctax: PCA5=1.430, PCA10=2.017 (10.4s)
  > Extracting with Batch Size 128...
    letdie1: PCA5=1.494, PCA10=2.105 (10.5s)
  > Extracting with Batch Size 128...
    libath: PCA5=1.401, PCA10=2.028 (10.1s)
  > Extracting with Batch Size 128...
    libcom: PCA5=1.476, PCA10=2.087 (10.2s)
  > Extracting with Batch Size 128...
    libhomo: PCA5=1.510, PCA10=2.116 (10.1s)
  > Extracting with Batch Size 128...
    libmil: PCA5=1.381, PCA10=2.013 (10.2s)
  > Extracting with Batch Size 128...
    libmslm: PCA5=1.451, PCA10=2.101 (10.4s)
  > Extracting with Batch Size 128...
    librac: PCA5=1.519, PCA10=2.110 (10.2s)
  > Extracting with Batch Size 128...
    nataid: PCA5=1.512, PCA10=2.136 (10.0s)
  > Extracting with Batch Size 128...
    natarms: PCA5=1.471, PCA10=2.066 (10.0s)
  > Extracting with Batch Size 128...
    natchld: PCA5=1.547, PCA10=2.167 (9.8s)
  > Extracting with Batch Size 128...
    natcrime: PCA5=1.444, PCA10=2.059 (10.0s)
  > Extracting with Batch Size 128...
    natdrug: PCA5=1.496, PCA10=2.106 (10.0s)
    [Memory cleanup at 100/134]
  > Extracting with Batch Size 128...
    nateduc: PCA5=1.469, PCA10=2.143 (10.4s)
  > Extracting with Batch Size 128...
    natenvir: PCA5=1.585, PCA10=2.239 (9.9s)
  > Extracting with Batch Size 128...
    natfare: PCA5=1.549, PCA10=2.186 (9.9s)
  > Extracting with Batch Size 128...
    natheal: PCA5=1.435, PCA10=2.073 (10.6s)
  > Extracting with Batch Size 128...
    natmass: PCA5=1.620, PCA10=2.292 (10.0s)
  > Extracting with Batch Size 128...
    natpark: PCA5=1.511, PCA10=2.166 (10.0s)
  > Extracting with Batch Size 128...
    natrace: PCA5=1.570, PCA10=2.196 (10.1s)
  > Extracting with Batch Size 128...
    natroad: PCA5=1.453, PCA10=2.080 (10.1s)
  > Extracting with Batch Size 128...
    natsci: PCA5=1.544, PCA10=2.152 (10.4s)
  > Extracting with Batch Size 128...
    natsoc: PCA5=1.548, PCA10=2.187 (10.1s)
  > Extracting with Batch Size 128...
    natspac: PCA5=1.385, PCA10=2.004 (9.9s)
  > Extracting with Batch Size 128...
    nextgen: PCA5=1.361, PCA10=1.998 (9.6s)
  > Extracting with Batch Size 128...
    oprace: PCA5=1.549, PCA10=2.177 (10.0s)
  > Extracting with Batch Size 128...
    opsex: PCA5=1.650, PCA10=2.231 (10.5s)
  > Extracting with Batch Size 128...
    polviews: PCA5=1.414, PCA10=2.074 (10.1s)
  > Extracting with Batch Size 128...
    pillok: PCA5=1.457, PCA10=2.115 (10.2s)
  > Extracting with Batch Size 128...
    sexeduc: PCA5=1.399, PCA10=2.076 (9.9s)
  > Extracting with Batch Size 128...
    prayer: PCA5=1.405, PCA10=2.052 (10.8s)
  > Extracting with Batch Size 128...
    religinf: PCA5=1.519, PCA10=2.111 (9.9s)
  > Extracting with Batch Size 128...
    racdif1: PCA5=1.564, PCA10=2.179 (11.2s)
    [Memory cleanup at 120/134]
  > Extracting with Batch Size 128...
    racdif2: PCA5=1.646, PCA10=2.223 (10.4s)
  > Extracting with Batch Size 128...
    racdif3: PCA5=1.631, PCA10=2.212 (10.2s)
  > Extracting with Batch Size 128...
    racdif4: PCA5=1.549, PCA10=2.166 (10.7s)
  > Extracting with Batch Size 128...
    racopen: PCA5=1.545, PCA10=2.172 (11.0s)
  > Extracting with Batch Size 128...
    intlwhts: PCA5=1.630, PCA10=2.209 (9.8s)
  > Extracting with Batch Size 128...
    wlthwhts: PCA5=1.795, PCA10=2.403 (9.8s)
  > Extracting with Batch Size 128...
    workwhts: PCA5=2.084, PCA10=2.644 (9.8s)
  > Extracting with Batch Size 128...
    spkath: PCA5=1.425, PCA10=2.044 (10.1s)
  > Extracting with Batch Size 128...
    spkcom: PCA5=1.404, PCA10=2.018 (9.9s)
  > Extracting with Batch Size 128...
    spkhomo: PCA5=1.596, PCA10=2.213 (10.2s)
  > Extracting with Batch Size 128...
    spkmil: PCA5=1.322, PCA10=1.929 (10.4s)
  > Extracting with Batch Size 128...
    spkmslm: PCA5=1.407, PCA10=2.010 (10.6s)
  > Extracting with Batch Size 128...
    spkrac: PCA5=1.508, PCA10=2.085 (10.6s)
  > Extracting with Batch Size 128...
    tax: PCA5=1.382, PCA10=2.045 (10.1s)
  Saved: llm_results/df_gss_pca_public_issues_gemma-2-9b_20260203_152905.pkl

======================================================================
ANALYZING: PRIVATE_LIFE
======================================================================
  Topics: 75
  Template: 'opinion'
  PCA dims: [5, 10, 15, 30]

  > Extracting with Batch Size 128...
    acqntsex: PCA5=1.633, PCA10=2.262 (9.6s)
  > Extracting with Batch Size 128...
    evpaidsx: PCA5=1.717, PCA10=2.330 (10.1s)
  > Extracting with Batch Size 128...
    evstray: PCA5=1.710, PCA10=2.334 (9.9s)
  > Extracting with Batch Size 128...
    frndsex: PCA5=1.620, PCA10=2.245 (10.0s)
  > Extracting with Batch Size 128...
    matesex: PCA5=1.684, PCA10=2.326 (9.9s)
  > Extracting with Batch Size 128...
    nummen: PCA5=1.631, PCA10=2.287 (9.7s)
  > Extracting with Batch Size 128...
    numwomen: PCA5=1.646, PCA10=2.256 (9.6s)
  > Extracting with Batch Size 128...
    paidsex: PCA5=1.654, PCA10=2.313 (9.3s)
  > Extracting with Batch Size 128...
    partners: PCA5=1.646, PCA10=2.269 (9.7s)
  > Extracting with Batch Size 128...
    partnrs5: PCA5=1.646, PCA10=2.270 (9.8s)
  > Extracting with Batch Size 128...
    pikupsex: PCA5=1.673, PCA10=2.325 (9.7s)
  > Extracting with Batch Size 128...
    sexfreq: PCA5=1.699, PCA10=2.299 (9.0s)
  > Extracting with Batch Size 128...
    attend: PCA5=1.838, PCA10=2.427 (9.5s)
  > Extracting with Batch Size 128...
    bible: PCA5=1.918, PCA10=2.516 (9.8s)
  > Extracting with Batch Size 128...
    god: PCA5=1.839, PCA10=2.426 (9.7s)
  > Extracting with Batch Size 128...
    popespks: PCA5=1.656, PCA10=2.335 (10.3s)
  > Extracting with Batch Size 128...
    postlife: PCA5=1.736, PCA10=2.384 (9.2s)
  > Extracting with Batch Size 128...
    pray: PCA5=1.771, PCA10=2.313 (9.7s)
  > Extracting with Batch Size 128...
    reborn: PCA5=1.710, PCA10=2.359 (10.4s)
  > Extracting with Batch Size 128...
    relexp: PCA5=1.602, PCA10=2.261 (10.6s)
    [Memory cleanup at 20/75]
  > Extracting with Batch Size 128...
    relidesc: PCA5=1.647, PCA10=2.306 (9.8s)
  > Extracting with Batch Size 128...
    relidimp: PCA5=1.830, PCA10=2.452 (10.3s)
  > Extracting with Batch Size 128...
    relidins: PCA5=1.607, PCA10=2.179 (10.0s)
  > Extracting with Batch Size 128...
    relidwe: PCA5=1.783, PCA10=2.363 (9.9s)
  > Extracting with Batch Size 128...
    religimp: PCA5=1.830, PCA10=2.452 (9.8s)
  > Extracting with Batch Size 128...
    relpersn: PCA5=1.759, PCA10=2.501 (9.5s)
  > Extracting with Batch Size 128...
    savesoul: PCA5=1.732, PCA10=2.275 (9.8s)
  > Extracting with Batch Size 128...
    sprtprsn: PCA5=1.647, PCA10=2.372 (10.2s)
  > Extracting with Batch Size 128...
    evcrack: PCA5=1.595, PCA10=2.219 (9.5s)
  > Extracting with Batch Size 128...
    emailhr: PCA5=1.514, PCA10=2.156 (9.9s)
  > Extracting with Batch Size 128...
    emailmin: PCA5=1.485, PCA10=2.114 (9.7s)
  > Extracting with Batch Size 128...
    wwwhr: PCA5=1.461, PCA10=2.119 (9.9s)
  > Extracting with Batch Size 128...
    wwwmin: PCA5=1.437, PCA10=2.064 (10.1s)
  > Extracting with Batch Size 128...
    condom: PCA5=1.697, PCA10=2.333 (9.6s)
  > Extracting with Batch Size 128...
    fammhneg: PCA5=1.591, PCA10=2.202 (10.0s)
  > Extracting with Batch Size 128...
    othmhneg: PCA5=1.521, PCA10=2.098 (10.1s)
  > Extracting with Batch Size 128...
    fear: PCA5=1.616, PCA10=2.252 (10.3s)
  > Extracting with Batch Size 128...
    opclout: PCA5=1.599, PCA10=2.207 (9.7s)
  > Extracting with Batch Size 128...
    opeduc: PCA5=1.746, PCA10=2.325 (10.3s)
  > Extracting with Batch Size 128...
    ophrdwrk: PCA5=1.829, PCA10=2.405 (9.9s)
    [Memory cleanup at 40/75]
  > Extracting with Batch Size 128...
    opknow: PCA5=1.611, PCA10=2.172 (9.9s)
  > Extracting with Batch Size 128...
    oppared: PCA5=1.599, PCA10=2.192 (10.2s)
  > Extracting with Batch Size 128...
    oprelig: PCA5=1.732, PCA10=2.310 (10.0s)
  > Extracting with Batch Size 128...
    opwlth: PCA5=1.683, PCA10=2.304 (10.0s)
  > Extracting with Batch Size 128...
    goodlife: PCA5=1.609, PCA10=2.306 (9.7s)
  > Extracting with Batch Size 128...
    kidssol: PCA5=1.589, PCA10=2.232 (10.0s)
  > Extracting with Batch Size 128...
    parsol: PCA5=1.491, PCA10=2.156 (10.0s)
  > Extracting with Batch Size 128...
    life: PCA5=1.527, PCA10=2.155 (9.7s)
  > Extracting with Batch Size 128...
    helpful: PCA5=1.555, PCA10=2.146 (10.3s)
  > Extracting with Batch Size 128...
    hrsrelax: PCA5=1.490, PCA10=2.090 (9.9s)
  > Extracting with Batch Size 128...
    hunt: PCA5=1.873, PCA10=2.448 (9.7s)
  > Extracting with Batch Size 128...
    socbar: PCA5=1.572, PCA10=2.158 (9.9s)
  > Extracting with Batch Size 128...
    socfrend: PCA5=1.628, PCA10=2.235 (10.1s)
  > Extracting with Batch Size 128...
    socommun: PCA5=1.586, PCA10=2.224 (10.1s)
  > Extracting with Batch Size 128...
    socrel: PCA5=1.551, PCA10=2.160 (10.0s)
  > Extracting with Batch Size 128...
    xmovie: PCA5=1.679, PCA10=2.334 (9.7s)
  > Extracting with Batch Size 128...
    homosex: PCA5=1.805, PCA10=2.482 (9.8s)
  > Extracting with Batch Size 128...
    premarsx: PCA5=1.758, PCA10=2.415 (9.9s)
  > Extracting with Batch Size 128...
    teensex: PCA5=1.718, PCA10=2.374 (10.0s)
  > Extracting with Batch Size 128...
    xmarsex: PCA5=1.737, PCA10=2.388 (9.7s)
    [Memory cleanup at 60/75]
  > Extracting with Batch Size 128...
    eldfnce: PCA5=1.583, PCA10=2.238 (9.4s)
  > Extracting with Batch Size 128...
    marasian: PCA5=1.807, PCA10=2.391 (10.3s)
  > Extracting with Batch Size 128...
    marmakid: PCA5=1.751, PCA10=2.390 (10.5s)
  > Extracting with Batch Size 128...
    marpakid: PCA5=1.695, PCA10=2.328 (10.4s)
  > Extracting with Batch Size 128...
    marwht: PCA5=1.897, PCA10=2.527 (10.3s)
  > Extracting with Batch Size 128...
    meovrwrk: PCA5=1.708, PCA10=2.340 (9.7s)
  > Extracting with Batch Size 128...
    recycle: PCA5=1.568, PCA10=2.193 (10.1s)
  > Extracting with Batch Size 128...
    raclive: PCA5=1.685, PCA10=2.263 (9.9s)
  > Extracting with Batch Size 128...
    rfamlook: PCA5=1.554, PCA10=2.187 (9.9s)
  > Extracting with Batch Size 128...
    spfalook: PCA5=1.570, PCA10=2.177 (9.9s)
  > Extracting with Batch Size 128...
    richwork: PCA5=1.546, PCA10=2.193 (9.8s)
  > Extracting with Batch Size 128...
    spanking: PCA5=1.698, PCA10=2.298 (10.1s)
  > Extracting with Batch Size 128...
    toofast: PCA5=1.738, PCA10=2.334 (9.5s)
  > Extracting with Batch Size 128...
    intsci: PCA5=1.579, PCA10=2.128 (10.1s)
  > Extracting with Batch Size 128...
    inttech: PCA5=1.457, PCA10=2.066 (10.1s)
  Saved: llm_results/df_gss_pca_private_life_gemma-2-9b_20260203_152905.pkl

======================================================================
CORRELATION ANALYSIS
======================================================================

[PUBLIC_ISSUES]
  PCA- 5: r=0.1483, ρ=0.1943 (n=134)
  PCA-10: r=0.2629, ρ=0.3035 (n=134)
  PCA-15: r=0.2987, ρ=0.3393 (n=134)
  PCA-30: r=0.3205, ρ=0.3596 (n=134)

[PRIVATE_LIFE]
  PCA- 5: r=0.5483, ρ=0.5634 (n=75)
  PCA-10: r=0.5352, ρ=0.5267 (n=75)
  PCA-15: r=0.5024, ρ=0.5067 (n=75)
  PCA-30: r=0.4786, ρ=0.4664 (n=75)

Saved: llm_results/gss_pca_correlations_gemma-2-9b_20260203_152905.csv

======================================================================
BOOTSTRAP SENSITIVITY ANALYSIS (PCA-10)
======================================================================

[PUBLIC_ISSUES]
  Total: 134, Sample: 126
  Original r: 0.2629
  Running 1,000,000 iterations across 20 workers...
  Completed in 13.3s

  Top 5 samples:
    r=0.4202, removed: ['scientbe', 'grneffme', 'goveqinc']...
    r=0.4186, removed: ['discaffw', 'colrac', 'eqwlth']...
    r=0.4171, removed: ['scientbe', 'discaff', 'discaffw']...
    r=0.4165, removed: ['discaffw', 'polhitok', 'natmass']...
    r=0.4161, removed: ['abhlth', 'carsgen', 'eqwlth']...

[PRIVATE_LIFE]
  Total: 75, Sample: 70
  Original r: 0.5352
  Running 100,000 iterations across 20 workers...
  Completed in 1.7s

  Top 5 samples:
    r=0.6587, removed: ['evpaidsx', 'savesoul', 'marwht']...
    r=0.6393, removed: ['pray', 'savesoul', 'marwht']...
    r=0.6378, removed: ['evpaidsx', 'relidins', 'fear']...
    r=0.6376, removed: ['nummen', 'popespks', 'relidins']...
    r=0.6376, removed: ['paidsex', 'pikupsex', 'savesoul']...

======================================================================
FILTERED RESULTS (Topic Exclusion)
======================================================================

Excluded (public): ['hubbywk1', 'intlwhts', 'racdif1', 'racdif2', 'racdif3', 'racdif4', 'wlthwhts', 'workwhts']
Excluded (private): ['helpful', 'helpfulnv', 'helpfulv', 'marwht', 'reborn']

        Category  PCA_Dim  N_Original  N_Filtered  Pearson_Original  Pearson_Filtered  Spearman_Original  Spearman_Filtered
0  public_issues        5         134         126          0.148334          0.259343           0.194344           0.245912
1  public_issues       10         134         126          0.262858          0.382006           0.303473           0.365543
2  public_issues       15         134         126          0.298707          0.420173           0.339328           0.406764
3  public_issues       30         134         126          0.320480          0.456789           0.359618           0.433641
4   private_life        5          75          72          0.548276          0.592609           0.563442           0.596662
5   private_life       10          75          72          0.535221          0.574389           0.526714           0.551386
6   private_life       15          75          72          0.502417          0.538956           0.506686           0.530259
7   private_life       30          75          72          0.478633          0.509839           0.466430           0.489967

Saved: llm_results/gss_pca_filtered_gemma-2-9b_20260203_152905.csv

======================================================================
SUMMARY
======================================================================

Model: gemma-2-9b
PCA Dimensions: [5, 10, 15, 30]

Files saved to: /project/jevans/maxzhuyt/claude_polarization/anes-polarization/llm_results
  - df_gss_pca_combined_gemma-2-9b_20260203_152905.pkl
  - df_gss_pca_combined_gemma-2-9b_20260203_152905.csv
  - gss_pca_correlations_gemma-2-9b_20260203_152905.csv
  - gss_pca_filtered_gemma-2-9b_20260203_152905.csv

======================================================================
ANALYSIS COMPLETE
======================================================================

==============================================
Finished at: Tue Feb  3 16:05:04 CST 2026
==============================================
